STEP 151 100 loss 0.1401926577091217 seconds 7.714668035507202
STEP 151 200 loss 0.10951745510101318 seconds 14.600594997406006
STEP 151 300 loss 0.10354126989841461 seconds 21.50041699409485
STEP 151 400 loss 0.09229567646980286 seconds 28.399884939193726
STEP 151 500 loss 0.08913014829158783 seconds 35.287672996520996
EVAL {'origin': 151, 'date': '2025-06-01', 'score': 0.8185300414689387, 'train_max_day': 150, 'horizon': 61, 'step': 500, 'split': 'selection'}
STEP 151 600 loss 0.06738772243261337 seconds 43.04665994644165
STEP 151 700 loss 0.06816648691892624 seconds 49.9528489112854
STEP 151 800 loss 0.0656692385673523 seconds 56.85196089744568
STEP 151 900 loss 0.04959538206458092 seconds 63.76648712158203
STEP 151 1000 loss 0.03809936344623566 seconds 70.67185401916504
STEP 151 1100 loss 0.040326252579689026 seconds 77.58962202072144
STEP 151 1200 loss 0.0365535132586956 seconds 84.5037009716034
STEP 151 1300 loss 0.028656499460339546 seconds 91.40263891220093
STEP 151 1400 loss 0.02862287312746048 seconds 98.29480004310608
STEP 151 1500 loss 0.025146905332803726 seconds 105.18693590164185
EVAL {'origin': 151, 'date': '2025-06-01', 'score': 0.7980433221380607, 'train_max_day': 150, 'horizon': 61, 'step': 1500, 'split': 'selection'}
STEP 151 1600 loss 0.029687991365790367 seconds 112.64617896080017
STEP 151 1700 loss 0.029568985104560852 seconds 119.552894115448
STEP 151 1800 loss 0.027616553008556366 seconds 126.44455409049988
STEP 151 1900 loss 0.02464866451919079 seconds 133.34302806854248
STEP 151 2000 loss 0.022812625393271446 seconds 140.24357795715332
STEP 151 2100 loss 0.026457902044057846 seconds 147.12568998336792
STEP 151 2200 loss 0.019518373534083366 seconds 154.02374625205994
STEP 151 2300 loss 0.023663239553570747 seconds 160.91870999336243
STEP 151 2400 loss 0.020631443709135056 seconds 167.80417108535767
STEP 151 2500 loss 0.02263740822672844 seconds 174.69786882400513
STEP 151 2600 loss 0.02335534617304802 seconds 181.58975791931152
STEP 151 2700 loss 0.027702858671545982 seconds 188.48093390464783
STEP 151 2800 loss 0.02154839038848877 seconds 195.3771448135376
STEP 151 2900 loss 0.027479084208607674 seconds 202.26721119880676
STEP 151 3000 loss 0.019954880699515343 seconds 209.16571402549744
EVAL {'origin': 151, 'date': '2025-06-01', 'score': 0.7910369952994085, 'train_max_day': 150, 'horizon': 61, 'step': 3000, 'split': 'selection'}
STEP 151 3100 loss 0.018429839983582497 seconds 216.65460109710693
STEP 151 3200 loss 0.0195204708725214 seconds 223.54699087142944
STEP 151 3300 loss 0.024256568402051926 seconds 230.45460200309753
STEP 151 3400 loss 0.020637303590774536 seconds 237.36017394065857
STEP 151 3500 loss 0.016995836049318314 seconds 244.2510621547699
STEP 151 3600 loss 0.015271574258804321 seconds 251.1490981578827
STEP 151 3700 loss 0.016434445977211 seconds 258.04611897468567
STEP 151 3800 loss 0.022211704403162003 seconds 264.9407639503479
STEP 151 3900 loss 0.01711549051105976 seconds 271.8404040336609
STEP 151 4000 loss 0.01415160484611988 seconds 278.73682594299316
STEP 151 4100 loss 0.015848660841584206 seconds 285.631511926651
STEP 151 4200 loss 0.014613374136388302 seconds 292.5260031223297
STEP 151 4300 loss 0.018156705424189568 seconds 299.413104057312
STEP 151 4400 loss 0.013217845000326633 seconds 306.3115699291229
STEP 151 4500 loss 0.018437733873724937 seconds 313.20589089393616
STEP 151 4600 loss 0.017318228259682655 seconds 320.09869408607483
STEP 151 4700 loss 0.014290720224380493 seconds 327.0291862487793
STEP 151 4800 loss 0.022986015304923058 seconds 333.9310350418091
STEP 151 4900 loss 0.017883654683828354 seconds 340.85711121559143
STEP 151 5000 loss 0.019016249105334282 seconds 347.7865948677063
STEP 151 5100 loss 0.012725641019642353 seconds 354.7105197906494
STEP 151 5200 loss 0.015069781802594662 seconds 361.64352011680603
STEP 151 5300 loss 0.01896381378173828 seconds 368.56827187538147
STEP 151 5400 loss 0.022869503125548363 seconds 375.488055229187
STEP 151 5500 loss 0.015667112544178963 seconds 382.4219419956207
STEP 151 5600 loss 0.015927661210298538 seconds 389.34884214401245
STEP 151 5700 loss 0.014736765995621681 seconds 396.278755903244
STEP 151 5800 loss 0.011709415353834629 seconds 403.2164180278778
STEP 151 5900 loss 0.014574497938156128 seconds 410.1421389579773
STEP 151 6000 loss 0.015295182354748249 seconds 417.07478618621826
EVAL {'origin': 151, 'date': '2025-06-01', 'score': 0.7887880891713993, 'train_max_day': 150, 'horizon': 61, 'step': 6000, 'split': 'selection'}
STEP 151 6100 loss 0.011435270309448242 seconds 424.6149871349335
STEP 151 6200 loss 0.017728272825479507 seconds 431.5317552089691
STEP 151 6300 loss 0.014529858715832233 seconds 438.45094299316406
STEP 151 6400 loss 0.017818808555603027 seconds 445.37870812416077
STEP 151 6500 loss 0.01107513252645731 seconds 452.30166602134705
STEP 151 6600 loss 0.01673981174826622 seconds 459.22804498672485
STEP 151 6700 loss 0.01429096981883049 seconds 466.141813993454
STEP 151 6800 loss 0.013541263528168201 seconds 473.0660800933838
STEP 151 6900 loss 0.01309449877589941 seconds 479.9900131225586
STEP 151 7000 loss 0.01362114679068327 seconds 486.9054899215698
STEP 151 7100 loss 0.013232685625553131 seconds 493.8331952095032
STEP 151 7200 loss 0.012053148820996284 seconds 500.7569181919098
STEP 151 7300 loss 0.013158438727259636 seconds 507.6708822250366
STEP 151 7400 loss 0.018800240010023117 seconds 514.5905940532684
STEP 151 7500 loss 0.012633612379431725 seconds 521.490923166275
STEP 151 7600 loss 0.009834330528974533 seconds 528.4060781002045
STEP 151 7700 loss 0.012597674503922462 seconds 535.3274199962616
STEP 151 7800 loss 0.016263814643025398 seconds 542.244176864624
STEP 151 7900 loss 0.01652967371046543 seconds 549.1751539707184
STEP 151 8000 loss 0.010830762796103954 seconds 556.0964710712433
STEP 151 8100 loss 0.009188642725348473 seconds 563.0147070884705
STEP 151 8200 loss 0.01505188923329115 seconds 569.95618891716
STEP 151 8300 loss 0.013105716556310654 seconds 576.8783710002899
STEP 151 8400 loss 0.010096181184053421 seconds 583.7951371669769
STEP 151 8500 loss 0.013407493941485882 seconds 590.7238512039185
STEP 151 8600 loss 0.012392383068799973 seconds 597.6454620361328
STEP 151 8700 loss 0.014889493584632874 seconds 604.5747220516205
STEP 151 8800 loss 0.00961688905954361 seconds 611.5013678073883
STEP 151 8900 loss 0.011819006875157356 seconds 618.4138150215149
STEP 151 9000 loss 0.014005077071487904 seconds 625.3368310928345
STEP 151 9100 loss 0.011036617681384087 seconds 632.2642939090729
STEP 151 9200 loss 0.009666536003351212 seconds 639.1816530227661
STEP 151 9300 loss 0.011593288742005825 seconds 646.1134090423584
STEP 151 9400 loss 0.008580700494349003 seconds 653.0212020874023
STEP 151 9500 loss 0.009749014861881733 seconds 659.9505748748779
STEP 151 9600 loss 0.01443959679454565 seconds 666.8696541786194
STEP 151 9700 loss 0.01475487183779478 seconds 673.7791979312897
STEP 151 9800 loss 0.01663750596344471 seconds 680.7079539299011
STEP 151 9900 loss 0.012640685774385929 seconds 687.6434309482574
STEP 151 10000 loss 0.011281101033091545 seconds 694.5570440292358
STEP 151 10100 loss 0.012705585919320583 seconds 701.4841511249542
STEP 151 10200 loss 0.013678171671926975 seconds 708.3954451084137
STEP 151 10300 loss 0.013014223426580429 seconds 715.3109159469604
STEP 151 10400 loss 0.00974007323384285 seconds 722.2305538654327
STEP 151 10500 loss 0.011841107159852982 seconds 729.1468040943146
STEP 151 10600 loss 0.009420216083526611 seconds 736.0757689476013
STEP 151 10700 loss 0.011599124409258366 seconds 743.0093200206757
STEP 151 10800 loss 0.010681666433811188 seconds 749.929032087326
STEP 151 10900 loss 0.016250602900981903 seconds 756.8461141586304
STEP 151 11000 loss 0.013987017795443535 seconds 763.7633948326111
STEP 151 11100 loss 0.008186770603060722 seconds 770.6841921806335
STEP 151 11200 loss 0.011899568140506744 seconds 777.6149399280548
STEP 151 11300 loss 0.012084109708666801 seconds 784.5313811302185
STEP 151 11400 loss 0.011078516952693462 seconds 791.4533278942108
STEP 151 11500 loss 0.009096696972846985 seconds 798.3788509368896
STEP 151 11600 loss 0.01585996337234974 seconds 805.3075568675995
STEP 151 11700 loss 0.016367599368095398 seconds 812.2541699409485
STEP 151 11800 loss 0.013278456404805183 seconds 819.2117760181427
STEP 151 11900 loss 0.011194146238267422 seconds 826.1504139900208
STEP 151 12000 loss 0.010227015241980553 seconds 833.113557100296
EVAL {'origin': 151, 'date': '2025-06-01', 'score': 0.7897597508926435, 'train_max_day': 150, 'horizon': 61, 'step': 12000, 'split': 'selection'}
STEP 181 100 loss 0.1731349527835846 seconds 7.094874143600464
STEP 181 200 loss 0.13791300356388092 seconds 14.04203200340271
STEP 181 300 loss 0.08738408237695694 seconds 21.005000829696655
STEP 181 400 loss 0.09285783022642136 seconds 27.954912900924683
STEP 181 500 loss 0.07572170346975327 seconds 34.92990589141846
EVAL {'origin': 181, 'date': '2025-07-01', 'score': 0.826168809015125, 'train_max_day': 180, 'horizon': 61, 'step': 500, 'split': 'selection'}
STEP 181 600 loss 0.07418372482061386 seconds 42.49979496002197
STEP 181 700 loss 0.06869958341121674 seconds 49.449991941452026
STEP 181 800 loss 0.06054650992155075 seconds 56.41443705558777
STEP 181 900 loss 0.04763248935341835 seconds 63.38277506828308
STEP 181 1000 loss 0.04525446146726608 seconds 70.3299560546875
STEP 181 1100 loss 0.03715905547142029 seconds 77.29921412467957
STEP 181 1200 loss 0.037431176751852036 seconds 84.25141406059265
STEP 181 1300 loss 0.031200578436255455 seconds 91.19370007514954
STEP 181 1400 loss 0.03974096477031708 seconds 98.15850019454956
STEP 181 1500 loss 0.02559855952858925 seconds 105.12001609802246
EVAL {'origin': 181, 'date': '2025-07-01', 'score': 0.8171060094251301, 'train_max_day': 180, 'horizon': 61, 'step': 1500, 'split': 'selection'}
STEP 181 1600 loss 0.03452020138502121 seconds 112.70168805122375
STEP 181 1700 loss 0.02451501227915287 seconds 119.66394591331482
STEP 181 1800 loss 0.025917237624526024 seconds 126.60651302337646
STEP 181 1900 loss 0.028413664549589157 seconds 133.5666060447693
STEP 181 2000 loss 0.02479674108326435 seconds 140.53202509880066
STEP 181 2100 loss 0.021578645333647728 seconds 147.47906708717346
STEP 181 2200 loss 0.021878108382225037 seconds 154.4369900226593
STEP 181 2300 loss 0.0252754595130682 seconds 161.4041850566864
STEP 181 2400 loss 0.02113453485071659 seconds 168.36643290519714
STEP 181 2500 loss 0.020047830417752266 seconds 175.33004689216614
STEP 181 2600 loss 0.025874633342027664 seconds 182.29177498817444
STEP 181 2700 loss 0.02776564098894596 seconds 189.2406210899353
STEP 181 2800 loss 0.021718844771385193 seconds 196.1992928981781
STEP 181 2900 loss 0.022334430366754532 seconds 203.14441394805908
STEP 181 3000 loss 0.02033780701458454 seconds 210.1076259613037
EVAL {'origin': 181, 'date': '2025-07-01', 'score': 0.8163832378597761, 'train_max_day': 180, 'horizon': 61, 'step': 3000, 'split': 'selection'}
STEP 181 3100 loss 0.02260143868625164 seconds 217.70405101776123
STEP 181 3200 loss 0.01783457212150097 seconds 224.6572070121765
STEP 181 3300 loss 0.01693892851471901 seconds 231.62379789352417
STEP 181 3400 loss 0.018351254984736443 seconds 238.59592509269714
STEP 181 3500 loss 0.017787331715226173 seconds 245.5609700679779
STEP 181 3600 loss 0.01769104227423668 seconds 252.5238070487976
STEP 181 3700 loss 0.015209347940981388 seconds 259.4880859851837
STEP 181 3800 loss 0.018222790211439133 seconds 266.45314502716064
STEP 181 3900 loss 0.01689409464597702 seconds 273.4175338745117
STEP 181 4000 loss 0.018096206709742546 seconds 280.3616099357605
STEP 181 4100 loss 0.01938275434076786 seconds 287.3264570236206
STEP 181 4200 loss 0.016694404184818268 seconds 294.293771982193
STEP 181 4300 loss 0.01583598554134369 seconds 301.2345380783081
STEP 181 4400 loss 0.017293592914938927 seconds 308.20292806625366
STEP 181 4500 loss 0.02162776328623295 seconds 315.1748149394989
STEP 181 4600 loss 0.01712409220635891 seconds 322.1228232383728
STEP 181 4700 loss 0.0169540885835886 seconds 329.08636808395386
STEP 181 4800 loss 0.014113965444266796 seconds 336.04191994667053
STEP 181 4900 loss 0.01764819025993347 seconds 343.00070810317993
STEP 181 5000 loss 0.013352391310036182 seconds 349.9631531238556
STEP 181 5100 loss 0.01781379245221615 seconds 356.91377902030945
STEP 181 5200 loss 0.015784243121743202 seconds 363.8747818470001
STEP 181 5300 loss 0.016268113628029823 seconds 370.8351001739502
STEP 181 5400 loss 0.015137462876737118 seconds 377.78776001930237
STEP 181 5500 loss 0.01462809182703495 seconds 384.75417280197144
STEP 181 5600 loss 0.01087785791605711 seconds 391.71174025535583
STEP 181 5700 loss 0.013408108614385128 seconds 398.66366314888
STEP 181 5800 loss 0.015344616025686264 seconds 405.6266739368439
STEP 181 5900 loss 0.015617766417562962 seconds 412.57251715660095
STEP 181 6000 loss 0.013308758847415447 seconds 419.520348072052
EVAL {'origin': 181, 'date': '2025-07-01', 'score': 0.8138929355173443, 'train_max_day': 180, 'horizon': 61, 'step': 6000, 'split': 'selection'}
STEP 181 6100 loss 0.020745038986206055 seconds 427.1201138496399
STEP 181 6200 loss 0.015574821271002293 seconds 434.04347705841064
STEP 181 6300 loss 0.018677012994885445 seconds 440.9863381385803
STEP 181 6400 loss 0.013278606347739697 seconds 447.9331669807434
STEP 181 6500 loss 0.012665309011936188 seconds 454.86064195632935
STEP 181 6600 loss 0.012530618347227573 seconds 461.80416202545166
STEP 181 6700 loss 0.012848973274230957 seconds 468.7455880641937
STEP 181 6800 loss 0.01910584047436714 seconds 475.6747410297394
STEP 181 6900 loss 0.014812544919550419 seconds 482.618989944458
STEP 181 7000 loss 0.012415538541972637 seconds 489.5491509437561
STEP 181 7100 loss 0.01749223656952381 seconds 496.4805669784546
STEP 181 7200 loss 0.015613292343914509 seconds 503.4149830341339
STEP 181 7300 loss 0.013744964264333248 seconds 510.34524416923523
STEP 181 7400 loss 0.010433409363031387 seconds 517.293615102768
STEP 181 7500 loss 0.014875004068017006 seconds 524.2362291812897
STEP 181 7600 loss 0.013933271169662476 seconds 531.1678400039673
STEP 181 7700 loss 0.011968369595706463 seconds 538.110692024231
STEP 181 7800 loss 0.013162028044462204 seconds 545.0475051403046
STEP 181 7900 loss 0.012042230926454067 seconds 551.9903748035431
STEP 181 8000 loss 0.014351259917020798 seconds 558.9380440711975
STEP 181 8100 loss 0.010427482426166534 seconds 565.8780951499939
STEP 181 8200 loss 0.01886775903403759 seconds 572.8240640163422
STEP 181 8300 loss 0.017260950058698654 seconds 579.7759480476379
STEP 181 8400 loss 0.012741228565573692 seconds 586.701896905899
STEP 181 8500 loss 0.014433291740715504 seconds 593.6400389671326
STEP 181 8600 loss 0.008920881897211075 seconds 600.5715720653534
STEP 181 8700 loss 0.010219228453934193 seconds 607.4982471466064
STEP 181 8800 loss 0.013324340805411339 seconds 614.451446056366
STEP 181 8900 loss 0.013394352048635483 seconds 621.3613181114197
STEP 181 9000 loss 0.014054724015295506 seconds 628.2847249507904
STEP 181 9100 loss 0.010871229693293571 seconds 635.208545923233
STEP 181 9200 loss 0.022014109417796135 seconds 642.1042330265045
STEP 181 9300 loss 0.01523534394800663 seconds 649.0245850086212
STEP 181 9400 loss 0.012703787535429 seconds 655.9434490203857
STEP 181 9500 loss 0.013313802890479565 seconds 662.834125995636
STEP 181 9600 loss 0.015541605651378632 seconds 669.7467119693756
STEP 181 9700 loss 0.011392645537853241 seconds 676.6492338180542
STEP 181 9800 loss 0.012779044918715954 seconds 683.5559101104736
STEP 181 9900 loss 0.011123951524496078 seconds 690.47967004776
STEP 181 10000 loss 0.012053355574607849 seconds 697.3808817863464
STEP 181 10100 loss 0.015750428661704063 seconds 704.3026080131531
STEP 181 10200 loss 0.010912634432315826 seconds 711.2228200435638
STEP 181 10300 loss 0.013325666077435017 seconds 718.1259250640869
STEP 181 10400 loss 0.011780600063502789 seconds 725.0239360332489
STEP 181 10500 loss 0.01595553383231163 seconds 731.9280319213867
STEP 181 10600 loss 0.014349098317325115 seconds 738.8352701663971
STEP 181 10700 loss 0.011763463728129864 seconds 745.748468875885
STEP 181 10800 loss 0.01321310643106699 seconds 752.6523880958557
STEP 181 10900 loss 0.013288727030158043 seconds 759.5590059757233
STEP 181 11000 loss 0.01745813526213169 seconds 766.4656071662903
STEP 181 11100 loss 0.009476819075644016 seconds 773.3660740852356
STEP 181 11200 loss 0.010135428979992867 seconds 780.2865478992462
STEP 181 11300 loss 0.011288697831332684 seconds 787.1902241706848
STEP 181 11400 loss 0.011751215904951096 seconds 794.0655961036682
STEP 181 11500 loss 0.010821492411196232 seconds 800.9535028934479
STEP 181 11600 loss 0.0175756998360157 seconds 807.8157479763031
STEP 181 11700 loss 0.013596518896520138 seconds 814.7109730243683
STEP 181 11800 loss 0.011855521239340305 seconds 821.6054019927979
STEP 181 11900 loss 0.009900692850351334 seconds 828.4815399646759
STEP 181 12000 loss 0.008542243391275406 seconds 835.379585981369
EVAL {'origin': 181, 'date': '2025-07-01', 'score': 0.8160473616617586, 'train_max_day': 180, 'horizon': 61, 'step': 12000, 'split': 'selection'}
STEP 212 100 loss 0.1432896852493286 seconds 6.999600887298584
STEP 212 200 loss 0.1267646998167038 seconds 13.866298913955688
STEP 212 300 loss 0.17439152300357819 seconds 20.745342016220093
STEP 212 400 loss 0.11784500628709793 seconds 27.627816915512085
STEP 212 500 loss 0.11625295132398605 seconds 34.499642848968506
EVAL {'origin': 212, 'date': '2025-08-01', 'score': 0.8231168446013155, 'train_max_day': 211, 'horizon': 61, 'step': 500, 'split': 'selection'}
STEP 212 600 loss 0.10981795936822891 seconds 41.90935683250427
STEP 212 700 loss 0.08681390434503555 seconds 48.78623175621033
STEP 212 800 loss 0.08660446107387543 seconds 55.670745849609375
STEP 212 900 loss 0.07406284660100937 seconds 62.56786108016968
STEP 212 1000 loss 0.0758872926235199 seconds 69.45071697235107
STEP 212 1100 loss 0.0672905370593071 seconds 76.3307409286499
STEP 212 1200 loss 0.05636925250291824 seconds 83.21486496925354
STEP 212 1300 loss 0.06108928844332695 seconds 90.08290576934814
STEP 212 1400 loss 0.04770694300532341 seconds 96.96657991409302
STEP 212 1500 loss 0.04900788888335228 seconds 103.84972286224365
EVAL {'origin': 212, 'date': '2025-08-01', 'score': 0.830094964325647, 'train_max_day': 211, 'horizon': 61, 'step': 1500, 'split': 'selection'}
STEP 212 1600 loss 0.051132574677467346 seconds 111.2744688987732
STEP 212 1700 loss 0.0398186519742012 seconds 118.16518306732178
STEP 212 1800 loss 0.04637756571173668 seconds 125.05718684196472
STEP 212 1900 loss 0.038374725729227066 seconds 131.95819973945618
STEP 212 2000 loss 0.037115082144737244 seconds 138.84769701957703
STEP 212 2100 loss 0.033524684607982635 seconds 145.73397397994995
STEP 212 2200 loss 0.028277792036533356 seconds 152.62775301933289
STEP 212 2300 loss 0.03540782257914543 seconds 159.53514099121094
STEP 212 2400 loss 0.031005656346678734 seconds 166.4168839454651
STEP 212 2500 loss 0.030666174367070198 seconds 173.31774187088013
STEP 212 2600 loss 0.036197811365127563 seconds 180.21589589118958
STEP 212 2700 loss 0.03280538693070412 seconds 187.0916829109192
STEP 212 2800 loss 0.0284904595464468 seconds 193.99439072608948
STEP 212 2900 loss 0.03182568401098251 seconds 200.87986278533936
STEP 212 3000 loss 0.025659779086709023 seconds 207.7749629020691
EVAL {'origin': 212, 'date': '2025-08-01', 'score': 0.835039861067751, 'train_max_day': 211, 'horizon': 61, 'step': 3000, 'split': 'selection'}
STEP 212 3100 loss 0.023718388751149178 seconds 215.18424892425537
STEP 212 3200 loss 0.02139057032763958 seconds 222.07428574562073
STEP 212 3300 loss 0.020919719710946083 seconds 228.97640299797058
STEP 212 3400 loss 0.023957157507538795 seconds 235.86857080459595
STEP 212 3500 loss 0.02272922918200493 seconds 242.75681495666504
STEP 212 3600 loss 0.02388094924390316 seconds 249.64721584320068
STEP 212 3700 loss 0.019245995208621025 seconds 256.5360610485077
STEP 212 3800 loss 0.020508158951997757 seconds 263.4338917732239
STEP 212 3900 loss 0.018833622336387634 seconds 270.33541798591614
STEP 212 4000 loss 0.024522079154849052 seconds 277.2341408729553
STEP 212 4100 loss 0.01896820031106472 seconds 284.1213331222534
STEP 212 4200 loss 0.02094174362719059 seconds 291.0154550075531
STEP 212 4300 loss 0.02119428664445877 seconds 297.9019808769226
STEP 212 4400 loss 0.017968393862247467 seconds 304.7799050807953
STEP 212 4500 loss 0.0213382039219141 seconds 311.66862392425537
STEP 212 4600 loss 0.027005469426512718 seconds 318.5622959136963
STEP 212 4700 loss 0.02795272506773472 seconds 325.4479718208313
STEP 212 4800 loss 0.017623132094740868 seconds 332.34120988845825
STEP 212 4900 loss 0.026905139908194542 seconds 339.2346477508545
STEP 212 5000 loss 0.02054860070347786 seconds 346.12451791763306
STEP 212 5100 loss 0.019847240298986435 seconds 353.0081408023834
STEP 212 5200 loss 0.017866628244519234 seconds 359.8882119655609
STEP 212 5300 loss 0.0213767196983099 seconds 366.78045082092285
STEP 212 5400 loss 0.02230687439441681 seconds 373.65959882736206
STEP 212 5500 loss 0.016936982050538063 seconds 380.54574704170227
STEP 212 5600 loss 0.018339330330491066 seconds 387.425409078598
STEP 212 5700 loss 0.014085364528000355 seconds 394.28121304512024
STEP 212 5800 loss 0.020933540537953377 seconds 401.181676864624
STEP 212 5900 loss 0.021224552765488625 seconds 408.0699739456177
STEP 212 6000 loss 0.019698839634656906 seconds 414.9627718925476
EVAL {'origin': 212, 'date': '2025-08-01', 'score': 0.8365115388633519, 'train_max_day': 211, 'horizon': 61, 'step': 6000, 'split': 'selection'}
STEP 212 6100 loss 0.017969099804759026 seconds 422.38510274887085
STEP 212 6200 loss 0.02084081806242466 seconds 429.2563989162445
STEP 212 6300 loss 0.02084561623632908 seconds 436.15231490135193
STEP 212 6400 loss 0.015448573976755142 seconds 443.0390610694885
STEP 212 6500 loss 0.02078838273882866 seconds 449.93777203559875
STEP 212 6600 loss 0.015683742240071297 seconds 456.830815076828
STEP 212 6700 loss 0.021949216723442078 seconds 463.73142290115356
STEP 212 6800 loss 0.01590791717171669 seconds 470.62830090522766
STEP 212 6900 loss 0.014866388402879238 seconds 477.52906703948975
STEP 212 7000 loss 0.020029278472065926 seconds 484.41030979156494
STEP 212 7100 loss 0.017769543454051018 seconds 491.3013608455658
STEP 212 7200 loss 0.017107343301177025 seconds 498.21633291244507
STEP 212 7300 loss 0.016938937827944756 seconds 505.0898838043213
STEP 212 7400 loss 0.020624704658985138 seconds 512.0005960464478
STEP 212 7500 loss 0.022180473431944847 seconds 518.9000499248505
STEP 212 7600 loss 0.01388417836278677 seconds 525.7892260551453
STEP 212 7700 loss 0.018014950677752495 seconds 532.6932947635651
STEP 212 7800 loss 0.02209748886525631 seconds 539.570191860199
STEP 212 7900 loss 0.016321156173944473 seconds 546.4752111434937
STEP 212 8000 loss 0.01708984188735485 seconds 553.3881969451904
STEP 212 8100 loss 0.011713587678968906 seconds 560.2760100364685
STEP 212 8200 loss 0.012926341034471989 seconds 567.1886489391327
STEP 212 8300 loss 0.017207752913236618 seconds 574.0925939083099
STEP 212 8400 loss 0.014753395691514015 seconds 580.9863057136536
STEP 212 8500 loss 0.021573645994067192 seconds 587.8907699584961
STEP 212 8600 loss 0.013528665527701378 seconds 594.7780818939209
STEP 212 8700 loss 0.013822488486766815 seconds 601.6882789134979
STEP 212 8800 loss 0.016105979681015015 seconds 608.5860288143158
STEP 212 8900 loss 0.012932820245623589 seconds 615.4818079471588
STEP 212 9000 loss 0.013940510340034962 seconds 622.3916938304901
STEP 212 9100 loss 0.01916503719985485 seconds 629.2956149578094
STEP 212 9200 loss 0.01797376200556755 seconds 636.1923048496246
STEP 212 9300 loss 0.019738920032978058 seconds 643.1046829223633
STEP 212 9400 loss 0.021954456344246864 seconds 649.996964931488
STEP 212 9500 loss 0.01907307468354702 seconds 656.9022867679596
STEP 212 9600 loss 0.013677322305738926 seconds 663.7935199737549
STEP 212 9700 loss 0.014644422568380833 seconds 670.6991848945618
STEP 212 9800 loss 0.017414655536413193 seconds 677.6005668640137
STEP 212 9900 loss 0.013138399459421635 seconds 684.4921810626984
STEP 212 10000 loss 0.015797387808561325 seconds 691.3877649307251
STEP 212 10100 loss 0.011608866043388844 seconds 698.2821877002716
STEP 212 10200 loss 0.014998286962509155 seconds 705.1827211380005
STEP 212 10300 loss 0.01367955096065998 seconds 712.088052034378
STEP 212 10400 loss 0.016655465587973595 seconds 718.9737470149994
STEP 212 10500 loss 0.017691148445010185 seconds 725.8740079402924
STEP 212 10600 loss 0.015186839736998081 seconds 732.7816710472107
STEP 212 10700 loss 0.013891941867768764 seconds 739.6871471405029
STEP 212 10800 loss 0.014940887689590454 seconds 746.5857911109924
STEP 212 10900 loss 0.0172172412276268 seconds 753.473956823349
STEP 212 11000 loss 0.017843281850218773 seconds 760.3808510303497
STEP 212 11100 loss 0.016718082129955292 seconds 767.2670018672943
STEP 212 11200 loss 0.015070242807269096 seconds 774.1675868034363
STEP 212 11300 loss 0.014045316725969315 seconds 781.0747218132019
STEP 212 11400 loss 0.014998330734670162 seconds 787.9673309326172
STEP 212 11500 loss 0.014245579950511456 seconds 794.8765778541565
STEP 212 11600 loss 0.01180298998951912 seconds 801.774594783783
STEP 212 11700 loss 0.01368863694369793 seconds 808.660621881485
STEP 212 11800 loss 0.01622343622148037 seconds 815.5620670318604
STEP 212 11900 loss 0.013213066384196281 seconds 822.4415917396545
STEP 212 12000 loss 0.0157132837921381 seconds 829.3512668609619
EVAL {'origin': 212, 'date': '2025-08-01', 'score': 0.8399941838092576, 'train_max_day': 211, 'horizon': 61, 'step': 12000, 'split': 'selection'}
STEP 243 100 loss 0.17984354496002197 seconds 6.998841047286987
STEP 243 200 loss 0.1506546586751938 seconds 13.865801095962524
STEP 243 300 loss 0.13879643380641937 seconds 20.774232149124146
STEP 243 400 loss 0.12159159779548645 seconds 27.662692070007324
STEP 243 500 loss 0.09215717017650604 seconds 34.55535006523132
EVAL {'origin': 243, 'date': '2025-09-01', 'score': 0.8361387656620446, 'train_max_day': 242, 'horizon': 61, 'step': 500, 'split': 'control'}
STEP 304 100 loss 0.1607004702091217 seconds 7.0628581047058105
STEP 304 200 loss 0.123112753033638 seconds 13.95940613746643
STEP 304 300 loss 0.15321844816207886 seconds 20.850625038146973
STEP 304 400 loss 0.10399943590164185 seconds 27.752543926239014
STEP 304 500 loss 0.10778049379587173 seconds 34.65087628364563
EVAL {'file': 'outputs/night_20260927/sequence_large/submission_sequence_step500.csv', 'sha256': 'f19d0cf7d5eb6fc0ad13b72109e29d14ac4c3d5bf610d66218b0f6c6ddcd9c22', 'public_score': None, 'total': 12612675, 'step': 500, 'origin': 304, 'split': 'submission'}
DONE
