STEP 151 100 loss 0.1394890546798706 seconds 2.6195871829986572
STEP 151 200 loss 0.10586410760879517 seconds 4.9603142738342285
STEP 151 300 loss 0.10223501175642014 seconds 7.256368160247803
STEP 151 400 loss 0.09221510589122772 seconds 9.557224988937378
STEP 151 500 loss 0.09617585688829422 seconds 11.847581148147583
EVAL {'origin': 151, 'date': '2025-06-01', 'score': 0.8308294252956604, 'train_max_day': 150, 'horizon': 61, 'step': 500, 'split': 'selection'}
STEP 151 600 loss 0.07633398473262787 seconds 14.46081829071045
STEP 151 700 loss 0.08280890434980392 seconds 16.7600519657135
STEP 151 800 loss 0.08646439015865326 seconds 19.05754804611206
STEP 151 900 loss 0.06559774279594421 seconds 21.34701108932495
STEP 151 1000 loss 0.052785418927669525 seconds 23.631335973739624
STEP 151 1100 loss 0.057416610419750214 seconds 25.998303174972534
STEP 151 1200 loss 0.05624839663505554 seconds 28.28983497619629
STEP 151 1300 loss 0.04717183858156204 seconds 30.581902265548706
STEP 151 1400 loss 0.050740934908390045 seconds 32.868911266326904
STEP 151 1500 loss 0.03945701941847801 seconds 35.152682065963745
EVAL {'origin': 151, 'date': '2025-06-01', 'score': 0.8015070790737615, 'train_max_day': 150, 'horizon': 61, 'step': 1500, 'split': 'selection'}
STEP 151 1600 loss 0.047143060714006424 seconds 37.82216715812683
STEP 151 1700 loss 0.0512276291847229 seconds 40.13366913795471
STEP 151 1800 loss 0.04489642754197121 seconds 42.42915320396423
STEP 151 1900 loss 0.039368487894535065 seconds 44.729207038879395
STEP 151 2000 loss 0.037896301597356796 seconds 47.09078407287598
STEP 151 2100 loss 0.04326362535357475 seconds 49.413302183151245
STEP 151 2200 loss 0.032371506094932556 seconds 51.712104082107544
STEP 151 2300 loss 0.03893785923719406 seconds 54.01047134399414
STEP 151 2400 loss 0.03542134538292885 seconds 56.31574296951294
STEP 151 2500 loss 0.03727155551314354 seconds 58.680908203125
STEP 151 2600 loss 0.038644589483737946 seconds 60.97699213027954
STEP 151 2700 loss 0.047237422317266464 seconds 63.27974820137024
STEP 151 2800 loss 0.03606436774134636 seconds 65.62371921539307
STEP 151 2900 loss 0.04694231599569321 seconds 67.97053003311157
STEP 151 3000 loss 0.03516409918665886 seconds 70.39010715484619
EVAL {'origin': 151, 'date': '2025-06-01', 'score': 0.7999434991297278, 'train_max_day': 150, 'horizon': 61, 'step': 3000, 'split': 'selection'}
STEP 151 3100 loss 0.031003477051854134 seconds 73.00401830673218
STEP 151 3200 loss 0.03302786871790886 seconds 75.35550117492676
STEP 151 3300 loss 0.04186170920729637 seconds 77.72724509239197
STEP 151 3400 loss 0.03666137903928757 seconds 80.14816427230835
STEP 151 3500 loss 0.03071240335702896 seconds 82.51484704017639
STEP 151 3600 loss 0.029304880648851395 seconds 84.85253310203552
STEP 151 3700 loss 0.02915719896554947 seconds 87.22505021095276
STEP 151 3800 loss 0.03832946717739105 seconds 89.59053611755371
STEP 151 3900 loss 0.02963949739933014 seconds 92.00710105895996
STEP 151 4000 loss 0.025515563786029816 seconds 94.35909914970398
STEP 151 4100 loss 0.027743058279156685 seconds 96.70785117149353
STEP 151 4200 loss 0.024371499195694923 seconds 99.06501197814941
STEP 151 4300 loss 0.0315433107316494 seconds 101.4101550579071
STEP 151 4400 loss 0.023349624127149582 seconds 103.81985712051392
STEP 151 4500 loss 0.03289800509810448 seconds 106.19024729728699
STEP 151 4600 loss 0.02902529574930668 seconds 108.54505920410156
STEP 151 4700 loss 0.023586243391036987 seconds 110.89910507202148
STEP 151 4800 loss 0.04045448079705238 seconds 113.30079007148743
STEP 151 4900 loss 0.03412124142050743 seconds 115.67098331451416
STEP 151 5000 loss 0.03389204666018486 seconds 118.04048418998718
STEP 151 5100 loss 0.02498003840446472 seconds 120.4061541557312
STEP 151 5200 loss 0.027133870869874954 seconds 122.75993704795837
STEP 151 5300 loss 0.03399147093296051 seconds 125.1891450881958
STEP 151 5400 loss 0.041840020567178726 seconds 127.54342198371887
STEP 151 5500 loss 0.028771787881851196 seconds 129.89943599700928
STEP 151 5600 loss 0.029097596183419228 seconds 132.2518892288208
STEP 151 5700 loss 0.027412647381424904 seconds 134.6245412826538
STEP 151 5800 loss 0.022568868473172188 seconds 137.02301120758057
STEP 151 5900 loss 0.029159320518374443 seconds 139.3842852115631
STEP 151 6000 loss 0.02804766409099102 seconds 141.73426723480225
EVAL {'origin': 151, 'date': '2025-06-01', 'score': 0.7975037634560143, 'train_max_day': 150, 'horizon': 61, 'step': 6000, 'split': 'selection'}
STEP 181 100 loss 0.17798659205436707 seconds 2.4774982929229736
STEP 181 200 loss 0.13738495111465454 seconds 4.834082126617432
STEP 181 300 loss 0.0868072509765625 seconds 7.1426591873168945
STEP 181 400 loss 0.09479138255119324 seconds 9.445723295211792
STEP 181 500 loss 0.07687810808420181 seconds 11.744531393051147
EVAL {'origin': 181, 'date': '2025-07-01', 'score': 0.8268227047018983, 'train_max_day': 180, 'horizon': 61, 'step': 500, 'split': 'selection'}
STEP 181 600 loss 0.07907416671514511 seconds 14.344155311584473
STEP 181 700 loss 0.08455196022987366 seconds 16.73060917854309
STEP 181 800 loss 0.07643374055624008 seconds 19.049018144607544
STEP 181 900 loss 0.06354759633541107 seconds 21.363636255264282
STEP 181 1000 loss 0.0644749104976654 seconds 23.697049140930176
STEP 181 1100 loss 0.0546225868165493 seconds 26.07385230064392
STEP 181 1200 loss 0.05860103666782379 seconds 28.40558910369873
STEP 181 1300 loss 0.051400598138570786 seconds 30.73235511779785
STEP 181 1400 loss 0.06561823934316635 seconds 33.0496723651886
STEP 181 1500 loss 0.044916361570358276 seconds 35.391273975372314
EVAL {'origin': 181, 'date': '2025-07-01', 'score': 0.827723854399983, 'train_max_day': 180, 'horizon': 61, 'step': 1500, 'split': 'selection'}
STEP 181 1600 loss 0.0576767735183239 seconds 38.01283407211304
STEP 181 1700 loss 0.042316507548093796 seconds 40.344335317611694
STEP 181 1800 loss 0.04618790000677109 seconds 42.648884296417236
STEP 181 1900 loss 0.045902881771326065 seconds 44.978801250457764
STEP 181 2000 loss 0.041857995092868805 seconds 47.3001971244812
STEP 181 2100 loss 0.039992555975914 seconds 49.68771529197693
STEP 181 2200 loss 0.03656135872006416 seconds 51.997148275375366
STEP 181 2300 loss 0.044062793254852295 seconds 54.320478200912476
STEP 181 2400 loss 0.03648022189736366 seconds 56.6693811416626
STEP 181 2500 loss 0.035008423030376434 seconds 59.05198121070862
STEP 181 2600 loss 0.047461386770009995 seconds 61.40236020088196
STEP 181 2700 loss 0.04811115562915802 seconds 63.75185513496399
STEP 181 2800 loss 0.03776688128709793 seconds 66.10631132125854
STEP 181 2900 loss 0.03626489266753197 seconds 68.44857716560364
STEP 181 3000 loss 0.03493378311395645 seconds 70.83785820007324
EVAL {'origin': 181, 'date': '2025-07-01', 'score': 0.8259725741731327, 'train_max_day': 180, 'horizon': 61, 'step': 3000, 'split': 'selection'}
STEP 181 3100 loss 0.0390821248292923 seconds 73.47095704078674
STEP 181 3200 loss 0.03102501481771469 seconds 75.83945441246033
STEP 181 3300 loss 0.030662620440125465 seconds 78.21361923217773
STEP 181 3400 loss 0.033424828201532364 seconds 80.59439730644226
STEP 181 3500 loss 0.030662547796964645 seconds 83.00818729400635
STEP 181 3600 loss 0.02905823476612568 seconds 85.38667321205139
STEP 181 3700 loss 0.0271891001611948 seconds 87.7688262462616
STEP 181 3800 loss 0.032269254326820374 seconds 90.14682722091675
STEP 181 3900 loss 0.031180184334516525 seconds 92.55808115005493
STEP 181 4000 loss 0.03348774090409279 seconds 94.93058109283447
STEP 181 4100 loss 0.03467069938778877 seconds 97.39691019058228
STEP 181 4200 loss 0.028811104595661163 seconds 100.28802633285522
STEP 181 4300 loss 0.028964219614863396 seconds 102.70219111442566
STEP 181 4400 loss 0.0327722430229187 seconds 105.13084816932678
STEP 181 4500 loss 0.03939012438058853 seconds 107.53301310539246
STEP 181 4600 loss 0.030610185116529465 seconds 109.90812420845032
STEP 181 4700 loss 0.030340228229761124 seconds 112.2964301109314
STEP 181 4800 loss 0.026370763778686523 seconds 114.7463390827179
STEP 181 4900 loss 0.031660959124565125 seconds 117.13373112678528
STEP 181 5000 loss 0.023781875148415565 seconds 119.51706337928772
STEP 181 5100 loss 0.03255872055888176 seconds 121.89442729949951
STEP 181 5200 loss 0.029172856360673904 seconds 124.2888331413269
STEP 181 5300 loss 0.03124171867966652 seconds 126.72407507896423
STEP 181 5400 loss 0.029553506523370743 seconds 129.1021213531494
STEP 181 5500 loss 0.02953553944826126 seconds 131.48211026191711
STEP 181 5600 loss 0.02051561325788498 seconds 133.8696162700653
STEP 181 5700 loss 0.025670137256383896 seconds 136.2956771850586
STEP 181 5800 loss 0.03161945939064026 seconds 138.68966221809387
STEP 181 5900 loss 0.0304022915661335 seconds 141.07330322265625
STEP 181 6000 loss 0.0254509299993515 seconds 143.45303416252136
EVAL {'origin': 181, 'date': '2025-07-01', 'score': 0.8228772222745536, 'train_max_day': 180, 'horizon': 61, 'step': 6000, 'split': 'selection'}
STEP 212 100 loss 0.13807828724384308 seconds 2.539196014404297
STEP 212 200 loss 0.13025397062301636 seconds 4.9627368450164795
STEP 212 300 loss 0.17109419405460358 seconds 7.310343027114868
STEP 212 400 loss 0.11462706327438354 seconds 9.65824007987976
STEP 212 500 loss 0.10992184281349182 seconds 12.020510911941528
EVAL {'origin': 212, 'date': '2025-08-01', 'score': 0.8272415921176302, 'train_max_day': 211, 'horizon': 61, 'step': 500, 'split': 'selection'}
STEP 212 600 loss 0.1111372783780098 seconds 14.743606090545654
STEP 212 700 loss 0.08693511039018631 seconds 17.119658946990967
STEP 212 800 loss 0.08707725256681442 seconds 19.510274171829224
STEP 212 900 loss 0.07705976068973541 seconds 21.89098596572876
STEP 212 1000 loss 0.07996222376823425 seconds 24.276281118392944
STEP 212 1100 loss 0.07779406011104584 seconds 26.713629007339478
STEP 212 1200 loss 0.06570404022932053 seconds 29.08449411392212
STEP 212 1300 loss 0.07215036451816559 seconds 31.461627960205078
STEP 212 1400 loss 0.06263960897922516 seconds 33.83701705932617
STEP 212 1500 loss 0.06556457281112671 seconds 36.23222613334656
EVAL {'origin': 212, 'date': '2025-08-01', 'score': 0.8271626930115203, 'train_max_day': 211, 'horizon': 61, 'step': 1500, 'split': 'selection'}
STEP 212 1600 loss 0.0730743482708931 seconds 38.9294970035553
STEP 212 1700 loss 0.059491802006959915 seconds 41.363444089889526
STEP 212 1800 loss 0.0705476775765419 seconds 43.78807806968689
STEP 212 1900 loss 0.062470462173223495 seconds 46.20160102844238
STEP 212 2000 loss 0.05864587053656578 seconds 48.68411087989807
STEP 212 2100 loss 0.05571282282471657 seconds 51.11152482032776
STEP 212 2200 loss 0.04951494187116623 seconds 53.52772879600525
STEP 212 2300 loss 0.05986856296658516 seconds 55.93837594985962
STEP 212 2400 loss 0.05073833465576172 seconds 58.39016079902649
STEP 212 2500 loss 0.05398445948958397 seconds 60.84704899787903
STEP 212 2600 loss 0.05880669876933098 seconds 63.27212190628052
STEP 212 2700 loss 0.05463221296668053 seconds 65.68033003807068
STEP 212 2800 loss 0.04928051680326462 seconds 68.09165501594543
STEP 212 2900 loss 0.05272568017244339 seconds 70.59075403213501
STEP 212 3000 loss 0.04766394570469856 seconds 73.01745986938477
EVAL {'origin': 212, 'date': '2025-08-01', 'score': 0.8349162757422517, 'train_max_day': 211, 'horizon': 61, 'step': 3000, 'split': 'selection'}
STEP 212 3100 loss 0.043876659125089645 seconds 75.69602108001709
STEP 212 3200 loss 0.038823943585157394 seconds 78.08756518363953
STEP 212 3300 loss 0.039614152163267136 seconds 80.54031801223755
STEP 212 3400 loss 0.04242013394832611 seconds 82.96936988830566
STEP 212 3500 loss 0.04223762825131416 seconds 85.37976408004761
STEP 212 3600 loss 0.042443763464689255 seconds 87.76773595809937
STEP 212 3700 loss 0.035420358180999756 seconds 90.15736079216003
STEP 212 3800 loss 0.03798477724194527 seconds 92.63504886627197
STEP 212 3900 loss 0.03722748905420303 seconds 95.02987599372864
STEP 212 4000 loss 0.04448537901043892 seconds 97.41414594650269
STEP 212 4100 loss 0.03729543462395668 seconds 99.80977010726929
STEP 212 4200 loss 0.03590938076376915 seconds 102.23757696151733
STEP 212 4300 loss 0.038240544497966766 seconds 104.67629504203796
STEP 212 4400 loss 0.033798061311244965 seconds 107.06594514846802
STEP 212 4500 loss 0.041169654577970505 seconds 109.47218680381775
STEP 212 4600 loss 0.042697641998529434 seconds 111.8691918849945
STEP 212 4700 loss 0.045884646475315094 seconds 114.3417739868164
STEP 212 4800 loss 0.03295145183801651 seconds 116.73499393463135
STEP 212 4900 loss 0.04869846627116203 seconds 119.12484502792358
STEP 212 5000 loss 0.0341080017387867 seconds 121.51819086074829
STEP 212 5100 loss 0.038403239101171494 seconds 123.93440198898315
STEP 212 5200 loss 0.03358866646885872 seconds 126.39124393463135
STEP 212 5300 loss 0.0403456948697567 seconds 128.79973888397217
STEP 212 5400 loss 0.041088685393333435 seconds 131.19659280776978
STEP 212 5500 loss 0.03466443344950676 seconds 133.5945179462433
STEP 212 5600 loss 0.03309068828821182 seconds 136.0608148574829
STEP 212 5700 loss 0.0314389131963253 seconds 138.46881318092346
STEP 212 5800 loss 0.04210805892944336 seconds 140.8608729839325
STEP 212 5900 loss 0.038308292627334595 seconds 143.26256012916565
STEP 212 6000 loss 0.03465040400624275 seconds 145.66082882881165
EVAL {'origin': 212, 'date': '2025-08-01', 'score': 0.83652934352889, 'train_max_day': 211, 'horizon': 61, 'step': 6000, 'split': 'selection'}
STEP 243 100 loss 0.18389597535133362 seconds 2.593837022781372
STEP 243 200 loss 0.15088021755218506 seconds 4.977642059326172
STEP 243 300 loss 0.1374950408935547 seconds 7.337961912155151
STEP 243 400 loss 0.12425010651350021 seconds 9.708176851272583
STEP 243 500 loss 0.08992772549390793 seconds 12.12807297706604
EVAL {'origin': 243, 'date': '2025-09-01', 'score': 0.8384306660537579, 'train_max_day': 242, 'horizon': 61, 'step': 500, 'split': 'control'}
STEP 304 100 loss 0.16577421128749847 seconds 2.6335461139678955
STEP 304 200 loss 0.12034362554550171 seconds 5.016844034194946
STEP 304 300 loss 0.14852051436901093 seconds 7.385500907897949
STEP 304 400 loss 0.10044588893651962 seconds 9.776763916015625
STEP 304 500 loss 0.10146090388298035 seconds 12.210901021957397
EVAL {'file': 'outputs/night_20260927/sequence/submission_sequence_step500.csv', 'sha256': '57205b989065ba135b3c5754bd9264a50cd12f24387049d593daedf8a83029c9', 'public_score': None, 'total': 12024580, 'step': 500, 'origin': 304, 'split': 'submission'}
DONE
