/Users/khan/tram-forecast-20260926/unrolled_weekly.py:42: PerformanceWarning: DataFrame is highly fragmented.  This is usually the result of calling `frame.insert` many times, which has poor performance.  Consider joining all columns at once using pd.concat(axis=1) instead. To get a de-fragmented frame, use `newframe = frame.copy()`
  d['season_2324']=d.month.map(index)
FIT 181 {'gate': 0, 'consistency': 0, 'steps': []} 1 0.13013
FIT 181 {'gate': 0, 'consistency': 0, 'steps': []} 60 0.10391
SCORES 2025-07-01 direct {'profile_base': 0.80947, 'profile_step7': 0.82981, 'profile_all_paths_mean': 0.83674, 'v8_all_paths_mean': 0.8389, 'incumbent_v8': 0.81259}
FIT 181 {'gate': 0.35, 'consistency': 1, 'steps': [7]} 1 0.0804
FIT 181 {'gate': 0.35, 'consistency': 1, 'steps': [7]} 60 0.0703
SCORES 2025-07-01 weekly_c1 {'profile_base': 0.80947, 'profile_step7': 0.84543, 'profile_all_paths_mean': 0.8449, 'v8_all_paths_mean': 0.84697, 'incumbent_v8': 0.81259}
FIT 181 {'gate': 0.35, 'consistency': 5, 'steps': [7]} 1 0.03463
FIT 181 {'gate': 0.35, 'consistency': 5, 'steps': [7]} 60 0.03208
SCORES 2025-07-01 weekly_c5 {'profile_base': 0.80947, 'profile_step7': 0.84865, 'profile_all_paths_mean': 0.84877, 'v8_all_paths_mean': 0.85157, 'incumbent_v8': 0.81259}
FIT 181 {'gate': 0.35, 'consistency': 1, 'steps': [1, 3, 7]} 1 0.0804
FIT 181 {'gate': 0.35, 'consistency': 1, 'steps': [1, 3, 7]} 60 0.07046
SCORES 2025-07-01 multi_c1 {'profile_base': 0.80947, 'profile_step7': 0.84572, 'profile_all_paths_mean': 0.84497, 'v8_all_paths_mean': 0.84722, 'incumbent_v8': 0.81259}
FIT 181 {'gate': 0.35, 'consistency': 5, 'steps': [1, 3, 7]} 1 0.03465
FIT 181 {'gate': 0.35, 'consistency': 5, 'steps': [1, 3, 7]} 60 0.03258
SCORES 2025-07-01 multi_c5 {'profile_base': 0.80947, 'profile_step7': 0.84893, 'profile_all_paths_mean': 0.84886, 'v8_all_paths_mean': 0.85166, 'incumbent_v8': 0.81259}
FIT 212 {'gate': 0, 'consistency': 0, 'steps': []} 1 0.14477
FIT 212 {'gate': 0, 'consistency': 0, 'steps': []} 60 0.10434
SCORES 2025-08-01 direct {'profile_base': 0.8819, 'profile_step7': 0.80257, 'profile_all_paths_mean': 0.80378, 'v8_all_paths_mean': 0.80302, 'incumbent_v8': 0.88826}
FIT 212 {'gate': 0.35, 'consistency': 1, 'steps': [7]} 1 0.08921
FIT 212 {'gate': 0.35, 'consistency': 1, 'steps': [7]} 60 0.07029
SCORES 2025-08-01 weekly_c1 {'profile_base': 0.8819, 'profile_step7': 0.80841, 'profile_all_paths_mean': 0.8136, 'v8_all_paths_mean': 0.8166, 'incumbent_v8': 0.88826}
FIT 212 {'gate': 0.35, 'consistency': 5, 'steps': [7]} 1 0.03801
FIT 212 {'gate': 0.35, 'consistency': 5, 'steps': [7]} 60 0.03265
SCORES 2025-08-01 weekly_c5 {'profile_base': 0.8819, 'profile_step7': 0.83603, 'profile_all_paths_mean': 0.84151, 'v8_all_paths_mean': 0.84318, 'incumbent_v8': 0.88826}
FIT 212 {'gate': 0.35, 'consistency': 1, 'steps': [1, 3, 7]} 1 0.08921
FIT 212 {'gate': 0.35, 'consistency': 1, 'steps': [1, 3, 7]} 60 0.07039
SCORES 2025-08-01 multi_c1 {'profile_base': 0.8819, 'profile_step7': 0.80552, 'profile_all_paths_mean': 0.81129, 'v8_all_paths_mean': 0.81424, 'incumbent_v8': 0.88826}
FIT 212 {'gate': 0.35, 'consistency': 5, 'steps': [1, 3, 7]} 1 0.03802
FIT 212 {'gate': 0.35, 'consistency': 5, 'steps': [1, 3, 7]} 60 0.03278
SCORES 2025-08-01 multi_c5 {'profile_base': 0.8819, 'profile_step7': 0.83628, 'profile_all_paths_mean': 0.84182, 'v8_all_paths_mean': 0.84333, 'incumbent_v8': 0.88826}
FIT 243 {'gate': 0, 'consistency': 0, 'steps': []} 1 0.1596
FIT 243 {'gate': 0, 'consistency': 0, 'steps': []} 60 0.10647
SCORES 2025-09-01 direct {'profile_base': 0.90495, 'profile_step7': 0.89851, 'profile_all_paths_mean': 0.90231, 'v8_all_paths_mean': 0.89493, 'incumbent_v8': 0.90571}
FIT 243 {'gate': 0.35, 'consistency': 1, 'steps': [7]} 1 0.09846
FIT 243 {'gate': 0.35, 'consistency': 1, 'steps': [7]} 60 0.07301
SCORES 2025-09-01 weekly_c1 {'profile_base': 0.90495, 'profile_step7': 0.89541, 'profile_all_paths_mean': 0.89526, 'v8_all_paths_mean': 0.88556, 'incumbent_v8': 0.90571}
FIT 243 {'gate': 0.35, 'consistency': 5, 'steps': [7]} 1 0.04176
FIT 243 {'gate': 0.35, 'consistency': 5, 'steps': [7]} 60 0.03484
SCORES 2025-09-01 weekly_c5 {'profile_base': 0.90495, 'profile_step7': 0.90026, 'profile_all_paths_mean': 0.90204, 'v8_all_paths_mean': 0.90101, 'incumbent_v8': 0.90571}
FIT 243 {'gate': 0.35, 'consistency': 1, 'steps': [1, 3, 7]} 1 0.09847
FIT 243 {'gate': 0.35, 'consistency': 1, 'steps': [1, 3, 7]} 60 0.07364
SCORES 2025-09-01 multi_c1 {'profile_base': 0.90495, 'profile_step7': 0.89567, 'profile_all_paths_mean': 0.89441, 'v8_all_paths_mean': 0.88502, 'incumbent_v8': 0.90571}
FIT 243 {'gate': 0.35, 'consistency': 5, 'steps': [1, 3, 7]} 1 0.04185
FIT 243 {'gate': 0.35, 'consistency': 5, 'steps': [1, 3, 7]} 60 0.03415
SCORES 2025-09-01 multi_c5 {'profile_base': 0.90495, 'profile_step7': 0.89979, 'profile_all_paths_mean': 0.90146, 'v8_all_paths_mean': 0.90018, 'incumbent_v8': 0.90571}
FIT 273 {'gate': 0, 'consistency': 0, 'steps': []} 1 0.15014
FIT 273 {'gate': 0, 'consistency': 0, 'steps': []} 60 0.10282
SCORES 2025-10-01 direct {'profile_base': 0.90352, 'profile_step7': 0.9011, 'profile_all_paths_mean': 0.90161, 'v8_all_paths_mean': 0.90031, 'incumbent_v8': 0.91216}
FIT 273 {'gate': 0.35, 'consistency': 1, 'steps': [7]} 1 0.09272
FIT 273 {'gate': 0.35, 'consistency': 1, 'steps': [7]} 60 0.07034
SCORES 2025-10-01 weekly_c1 {'profile_base': 0.90352, 'profile_step7': 0.90327, 'profile_all_paths_mean': 0.90372, 'v8_all_paths_mean': 0.90228, 'incumbent_v8': 0.91216}
FIT 273 {'gate': 0.35, 'consistency': 5, 'steps': [7]} 1 0.03998
FIT 273 {'gate': 0.35, 'consistency': 5, 'steps': [7]} 60 0.03364
SCORES 2025-10-01 weekly_c5 {'profile_base': 0.90352, 'profile_step7': 0.90746, 'profile_all_paths_mean': 0.90723, 'v8_all_paths_mean': 0.91312, 'incumbent_v8': 0.91216}
FIT 273 {'gate': 0.35, 'consistency': 1, 'steps': [1, 3, 7]} 1 0.09271
FIT 273 {'gate': 0.35, 'consistency': 1, 'steps': [1, 3, 7]} 60 0.07023
SCORES 2025-10-01 multi_c1 {'profile_base': 0.90352, 'profile_step7': 0.90176, 'profile_all_paths_mean': 0.90233, 'v8_all_paths_mean': 0.90058, 'incumbent_v8': 0.91216}
FIT 273 {'gate': 0.35, 'consistency': 5, 'steps': [1, 3, 7]} 1 0.03999
FIT 273 {'gate': 0.35, 'consistency': 5, 'steps': [1, 3, 7]} 60 0.03381
SCORES 2025-10-01 multi_c5 {'profile_base': 0.90352, 'profile_step7': 0.90729, 'profile_all_paths_mean': 0.90707, 'v8_all_paths_mean': 0.91282, 'incumbent_v8': 0.91216}
DONE ANCHORED
