2025-05-01 profile_14_median 0.832999
2025-05-01 profile_14_mean 0.832999
2025-05-01 profile_28_median 0.813844
2025-05-01 profile_28_mean 0.823641
2025-05-01 profile_56_median 0.851448
2025-05-01 profile_56_mean 0.851957
2025-05-01 profile_84_median 0.858941
2025-05-01 profile_84_mean 0.862811
2025-05-01 profile_120_median 0.868211
2025-05-01 profile_120_mean 0.872694
2025-05-01 profile_365_median 0.868211
2025-05-01 profile_365_mean 0.872694
2025-05-01 ridge_1_1 0.786121
2025-05-01 ridge_1_10 0.672406
2025-05-01 ridge_1_50 0.547643
2025-05-01 ridge_2_1 0.809772
2025-05-01 ridge_2_10 0.623388
2025-05-01 ridge_2_50 0.421332
2025-05-01 cat_6_MAE_60 0.85052
2025-05-01 cat_8_MAE_60 0.827619
2025-05-01 cat_10_MAE_90 0.836939
2025-05-01 cat_8_MAE_180 0.832981
2025-05-01 cat_8_RMSE_90 0.809698
2025-05-01 cat_10_RMSE_180 0.819581
2025-05-01 cat_8_Poisson_90 0.777668
2025-05-01 cat_6_MAE_365 0.846635
2025-07-01 profile_14_median 0.825273
2025-07-01 profile_14_mean 0.825273
2025-07-01 profile_28_median 0.809665
2025-07-01 profile_28_mean 0.80959
2025-07-01 profile_56_median 0.777197
2025-07-01 profile_56_mean 0.779254
2025-07-01 profile_84_median 0.752792
2025-07-01 profile_84_mean 0.753704
2025-07-01 profile_120_median 0.735049
2025-07-01 profile_120_mean 0.737973
2025-07-01 profile_365_median 0.736453
2025-07-01 profile_365_mean 0.740873
2025-07-01 ridge_1_1 0.827251
2025-07-01 ridge_1_10 0.743184
2025-07-01 ridge_1_50 0.59792
2025-07-01 ridge_2_1 0.751924
2025-07-01 ridge_2_10 0.730958
2025-07-01 ridge_2_50 0.623778
2025-07-01 cat_6_MAE_60 0.816391
2025-07-01 cat_8_MAE_60 0.820456
2025-07-01 cat_10_MAE_90 0.822865
2025-07-01 cat_8_MAE_180 0.826879
2025-07-01 cat_8_RMSE_90 0.822587
2025-07-01 cat_10_RMSE_180 0.822898
2025-07-01 cat_8_Poisson_90 0.822632
2025-07-01 cat_6_MAE_365 0.809608
2025-09-01 profile_14_median 0.813312
2025-09-01 profile_14_mean 0.813312
2025-09-01 profile_28_median 0.793468
2025-09-01 profile_28_mean 0.790276
2025-09-01 profile_56_median 0.760556
2025-09-01 profile_56_mean 0.767584
2025-09-01 profile_84_median 0.802488
2025-09-01 profile_84_mean 0.795113
2025-09-01 profile_120_median 0.831825
2025-09-01 profile_120_mean 0.831416
2025-09-01 profile_365_median 0.88316
2025-09-01 profile_365_mean 0.877014
2025-09-01 ridge_1_1 0.749392
2025-09-01 ridge_1_10 0.604415
2025-09-01 ridge_1_50 0.44478
2025-09-01 ridge_2_1 0.775093
2025-09-01 ridge_2_10 0.576435
2025-09-01 ridge_2_50 0.406878
2025-09-01 cat_6_MAE_60 0.831323
2025-09-01 cat_8_MAE_60 0.846015
2025-09-01 cat_10_MAE_90 0.844906
2025-09-01 cat_8_MAE_180 0.843863
2025-09-01 cat_8_RMSE_90 0.845431
2025-09-01 cat_10_RMSE_180 0.827388
2025-09-01 cat_8_Poisson_90 0.712266
2025-09-01 cat_6_MAE_365 0.831739
{
  "weights": {
    "profile_14_median": 0.10210714932660835,
    "profile_14_mean": 0.10210713921777992,
    "profile_56_median": 0.5093233184838483,
    "ridge_1_1": 0.020269675577823387,
    "ridge_1_50": 0.1831167301318895,
    "cat_6_MAE_60": 0.08307598726205065
  },
  "selection_periods": [
    "2025-05-01/2025-06-30",
    "2025-07-01/2025-08-31"
  ],
  "untouched_holdout": "2025-09-01/2025-10-31",
  "holdout_score": 0.7358155231375078,
  "target_score": 0.95,
  "target_achieved_on_holdout": false,
  "hidden_test_score": null,
  "optimizer_success": true,
  "score_2025-05-01": 0.875137279239873,
  "score_2025-07-01": 0.8461115088691633,
  "score_2025-09-01": 0.7358155231375078
}
Final training: profile_14_median 0.10210714932660835
Final training: profile_14_mean 0.10210713921777992
Final training: profile_56_median 0.5093233184838483
Final training: ridge_1_1 0.020269675577823387
Final training: ridge_1_50 0.1831167301318895
Final training: cat_6_MAE_60 0.08307598726205065
DONE: submission.csv, 14640 rows
