      fold     model    score
2025-05-01 w_365_0_0 0.863761
2025-05-01 w_112_0_0 0.863357
2025-05-01  w_56_0_0 0.863180
2025-05-01 w_365_0_1 0.862985
2025-05-01  w_28_0_0 0.862734
      fold    model    score
2025-07-01 w_14_1_0 0.818726
2025-07-01 w_28_0_1 0.815986
2025-07-01 w_14_0_1 0.815802
2025-07-01 w_14_1_1 0.815694
2025-07-01 w_56_0_1 0.814895
      fold     model    score
2025-08-01  w_56_1_0 0.877582
2025-08-01  w_56_0_0 0.877475
2025-08-01 w_112_1_0 0.877213
2025-08-01 w_365_1_0 0.876885
2025-08-01  w_56_0_1 0.876434
      fold     model    score
2025-09-01        v2 0.894220
2025-09-01 w_365_0_0 0.890200
2025-09-01 w_112_0_0 0.889649
2025-09-01 w_365_0_1 0.888719
2025-09-01 w_365_1_0 0.888139
      fold    model    score
2025-10-01 w_56_0_1 0.907377
2025-10-01 w_56_0_0 0.907368
2025-10-01 w_56_1_0 0.906640
2025-10-01 w_56_1_1 0.906424
2025-10-01 w_28_1_1 0.905357
[
  {
    "fold": "2025-05-01",
    "v2": 0.8617028813866058,
    "v3": 0.8634704455985651
  },
  {
    "fold": "2025-07-01",
    "v2": 0.8092690993256633,
    "v3": 0.8107700173269012
  },
  {
    "fold": "2025-08-01",
    "v2": 0.8748860457876902,
    "v3": 0.8810802791973448
  },
  {
    "fold": "2025-09-01",
    "v2": 0.8942202555001644,
    "v3": 0.8939246562420555
  },
  {
    "fold": "2025-10-01",
    "v2": 0.8945968701371285,
    "v3": 0.8989310401240382
  }
]
DONE V3
