/Users/khan/tram-forecast-20260926/weekly_target_ablation.py:54: PerformanceWarning: DataFrame is highly fragmented.  This is usually the result of calling `frame.insert` many times, which has poor performance.  Consider joining all columns at once using pd.concat(axis=1) instead. To get a de-fragmented frame, use `newframe = frame.copy()`
  frame['season_2324'] = frame.month.map(seasonal)
{"origin": "2025-07-01", "model": "recursive_absolute", "score": 0.8284184266753545, "rows": 36720, "seconds": 2.7}
{"origin": "2025-07-01", "model": "recursive_delta", "score": 0.8012505778276148, "rows": 36720, "seconds": 2.6}
{"origin": "2025-07-01", "model": "recursive_relative", "score": 0.8006710549250974, "rows": 36720, "seconds": 2.6}
{"origin": "2025-07-01", "model": "recursive_logratio", "score": 0.8294468349469821, "rows": 36720, "seconds": 2.6}
{"origin": "2025-07-01", "model": "direct_logratio", "score": 0.8448818670620939, "rows": 270000, "seconds": 14.1}
{"origin": "2025-08-01", "model": "recursive_absolute", "score": 0.7410906349683449, "rows": 44160, "seconds": 3.0}
{"origin": "2025-08-01", "model": "recursive_delta", "score": 0.7396607960466504, "rows": 44160, "seconds": 3.1}
{"origin": "2025-08-01", "model": "recursive_relative", "score": 0.7576080981939388, "rows": 44160, "seconds": 3.1}
{"origin": "2025-08-01", "model": "recursive_logratio", "score": 0.7589728878403826, "rows": 44160, "seconds": 3.0}
{"origin": "2025-08-01", "model": "direct_logratio", "score": 0.7726489501344833, "rows": 336960, "seconds": 17.8}
{"origin": "2025-09-01", "model": "recursive_absolute", "score": 0.8499328527463009, "rows": 51600, "seconds": 3.4}
{"origin": "2025-09-01", "model": "recursive_delta", "score": 0.842388154332846, "rows": 51600, "seconds": 3.6}
{"origin": "2025-09-01", "model": "recursive_relative", "score": 0.8090957415542906, "rows": 51600, "seconds": 3.6}
{"origin": "2025-09-01", "model": "recursive_logratio", "score": 0.8630101892505414, "rows": 51600, "seconds": 3.4}
{"origin": "2025-09-01", "model": "direct_logratio", "score": 0.8498947109492252, "rows": 403920, "seconds": 21.5}
{"origin": "2025-10-01", "model": "recursive_absolute", "score": 0.896991625253658, "rows": 58800, "seconds": 3.9}
{"origin": "2025-10-01", "model": "recursive_delta", "score": 0.9002736190653401, "rows": 58800, "seconds": 4.1}
{"origin": "2025-10-01", "model": "recursive_relative", "score": 0.8996867655636724, "rows": 58800, "seconds": 4.0}
{"origin": "2025-10-01", "model": "recursive_logratio", "score": 0.8997606391607175, "rows": 58800, "seconds": 3.9}
{"origin": "2025-10-01", "model": "direct_logratio", "score": 0.9000986158709205, "rows": 468720, "seconds": 25.1}
origin              2025-07-01  2025-08-01  2025-09-01  2025-10-01
model
direct_logratio       0.844882    0.772649    0.849895    0.900099
mean_4weeks           0.818108    0.802357    0.790276    0.902098
recursive_absolute    0.828418    0.741091    0.849933    0.896992
recursive_delta       0.801251    0.739661    0.842388    0.900274
recursive_logratio    0.829447    0.758973    0.863010    0.899761
recursive_relative    0.800671    0.757608    0.809096    0.899687
repeat_14             0.815411    0.774977    0.803075    0.885228
repeat_7              0.814750    0.780640    0.823187    0.886087
v13_anchored          0.852798    0.847983    0.902377    0.912726
v8                    0.812593    0.888256    0.905714    0.912164
