cached_shape 2025-07-01 s1_f1_w28_remaining 0.818028
cached_shape 2025-07-01 s3_f1_w28_remaining 0.818345
cached_shape 2025-07-01 s3_f2_w28_remaining 0.81834
cached_shape 2025-07-01 s3_f3_w28_remaining 0.817637
cached_shape 2025-07-01 s7_f1_w28_remaining 0.818669
cached_shape 2025-07-01 s7_f4_w28_remaining 0.81813
cached_shape 2025-07-01 s7_f7_w28_remaining 0.817914
cached_shape 2025-07-01 s14_f1_w28_remaining 0.817869
cached_shape 2025-07-01 s14_f7_w28_remaining 0.817641
cached_shape 2025-07-01 s14_f14_w28_remaining 0.816276
cached_shape 2025-07-01 s28_f1_w28_remaining 0.815103
cached_shape 2025-07-01 s28_f14_w28_remaining 0.817354
cached_shape 2025-07-01 s28_f28_w28_remaining 0.813344
cached_shape 2025-07-01 s1_f1_w14_remaining 0.818855
cached_shape 2025-07-01 s7_f7_w14_remaining 0.821036
cached_shape 2025-07-01 s1_f1_w56_remaining 0.81186
cached_shape 2025-07-01 s7_f7_w56_remaining 0.812729
cached_shape 2025-07-01 s1_f1_w28_block 0.816715
cached_shape 2025-07-01 s3_f3_w28_block 0.819931
cached_shape 2025-07-01 s7_f7_w28_block 0.820001
cached_shape 2025-07-01 s14_f14_w28_block 0.817441
cached_shape 2025-07-01 s28_f28_w28_block 0.813363
cached_shape 2025-07-01 synchronized_mean_anchor0 0.816773
cached_shape 2025-07-01 synchronized_median_anchor0 0.817715
cached_shape 2025-07-01 synchronized_mean_anchor50 0.815185
DONE cached_shape 2025-07-01 15.2 seconds
cached_shape 2025-08-01 s1_f1_w28_remaining 0.879254
cached_shape 2025-08-01 s3_f1_w28_remaining 0.879424
cached_shape 2025-08-01 s3_f2_w28_remaining 0.880012
cached_shape 2025-08-01 s3_f3_w28_remaining 0.879663
cached_shape 2025-08-01 s7_f1_w28_remaining 0.877475
cached_shape 2025-08-01 s7_f4_w28_remaining 0.881967
cached_shape 2025-08-01 s7_f7_w28_remaining 0.878154
cached_shape 2025-08-01 s14_f1_w28_remaining 0.882355
cached_shape 2025-08-01 s14_f7_w28_remaining 0.880479
cached_shape 2025-08-01 s14_f14_w28_remaining 0.882423
cached_shape 2025-08-01 s28_f1_w28_remaining 0.888477
cached_shape 2025-08-01 s28_f14_w28_remaining 0.883106
cached_shape 2025-08-01 s28_f28_w28_remaining 0.889643
cached_shape 2025-08-01 s1_f1_w14_remaining 0.879889
cached_shape 2025-08-01 s7_f7_w14_remaining 0.878058
cached_shape 2025-08-01 s1_f1_w56_remaining 0.884828
cached_shape 2025-08-01 s7_f7_w56_remaining 0.884068
cached_shape 2025-08-01 s1_f1_w28_block 0.88581
cached_shape 2025-08-01 s3_f3_w28_block 0.883152
cached_shape 2025-08-01 s7_f7_w28_block 0.88392
cached_shape 2025-08-01 s14_f14_w28_block 0.886779
cached_shape 2025-08-01 s28_f28_w28_block 0.890698
cached_shape 2025-08-01 synchronized_mean_anchor0 0.882724
cached_shape 2025-08-01 synchronized_median_anchor0 0.880133
cached_shape 2025-08-01 synchronized_mean_anchor50 0.888578
DONE cached_shape 2025-08-01 16.2 seconds
cached_shape 2025-09-01 s1_f1_w28_remaining 0.897986
cached_shape 2025-09-01 s3_f1_w28_remaining 0.89954
cached_shape 2025-09-01 s3_f2_w28_remaining 0.898883
cached_shape 2025-09-01 s3_f3_w28_remaining 0.898587
cached_shape 2025-09-01 s7_f1_w28_remaining 0.901666
cached_shape 2025-09-01 s7_f4_w28_remaining 0.896027
cached_shape 2025-09-01 s7_f7_w28_remaining 0.902865
cached_shape 2025-09-01 s14_f1_w28_remaining 0.902856
cached_shape 2025-09-01 s14_f7_w28_remaining 0.903563
cached_shape 2025-09-01 s14_f14_w28_remaining 0.903902
cached_shape 2025-09-01 s28_f1_w28_remaining 0.904196
cached_shape 2025-09-01 s28_f14_w28_remaining 0.904112
cached_shape 2025-09-01 s28_f28_w28_remaining 0.90498
cached_shape 2025-09-01 s1_f1_w14_remaining 0.894413
cached_shape 2025-09-01 s7_f7_w14_remaining 0.899318
cached_shape 2025-09-01 s1_f1_w56_remaining 0.901116
cached_shape 2025-09-01 s7_f7_w56_remaining 0.903858
cached_shape 2025-09-01 s1_f1_w28_block 0.899985
cached_shape 2025-09-01 s3_f3_w28_block 0.898478
cached_shape 2025-09-01 s7_f7_w28_block 0.90149
cached_shape 2025-09-01 s14_f14_w28_block 0.902429
cached_shape 2025-09-01 s28_f28_w28_block 0.903709
cached_shape 2025-09-01 synchronized_mean_anchor0 0.902397
cached_shape 2025-09-01 synchronized_median_anchor0 0.902122
cached_shape 2025-09-01 synchronized_mean_anchor50 0.904771
DONE cached_shape 2025-09-01 18.9 seconds
cached_shape 2025-10-01 s1_f1_w28_remaining 0.91088
cached_shape 2025-10-01 s3_f1_w28_remaining 0.911856
cached_shape 2025-10-01 s3_f2_w28_remaining 0.911347
cached_shape 2025-10-01 s3_f3_w28_remaining 0.911255
cached_shape 2025-10-01 s7_f1_w28_remaining 0.912239
cached_shape 2025-10-01 s7_f4_w28_remaining 0.912064
cached_shape 2025-10-01 s7_f7_w28_remaining 0.911798
cached_shape 2025-10-01 s14_f1_w28_remaining 0.912058
cached_shape 2025-10-01 s14_f7_w28_remaining 0.912344
cached_shape 2025-10-01 s14_f14_w28_remaining 0.911551
cached_shape 2025-10-01 s28_f1_w28_remaining 0.912226
cached_shape 2025-10-01 s28_f14_w28_remaining 0.911934
cached_shape 2025-10-01 s28_f28_w28_remaining 0.911817
cached_shape 2025-10-01 s1_f1_w14_remaining 0.911297
cached_shape 2025-10-01 s7_f7_w14_remaining 0.91217
cached_shape 2025-10-01 s1_f1_w56_remaining 0.911576
cached_shape 2025-10-01 s7_f7_w56_remaining 0.912962
cached_shape 2025-10-01 s1_f1_w28_block 0.903932
cached_shape 2025-10-01 s3_f3_w28_block 0.904533
cached_shape 2025-10-01 s7_f7_w28_block 0.912364
cached_shape 2025-10-01 s14_f14_w28_block 0.911735
cached_shape 2025-10-01 s28_f28_w28_block 0.911875
cached_shape 2025-10-01 synchronized_mean_anchor0 0.91164
cached_shape 2025-10-01 synchronized_median_anchor0 0.911789
cached_shape 2025-10-01 synchronized_mean_anchor50 0.912083
DONE cached_shape 2025-10-01 10.4 seconds
