FIT 2025-09-01 cat_full_6_1_MAE 16.9 seconds
FIT 2025-09-01 cat_full_8_1_MAE 23.2 seconds
FIT 2025-09-01 cat_full_8_1_RMSE 22.1 seconds
full 2025-09-01 s1_f1_w28_remaining 0.898651
full 2025-09-01 s3_f1_w28_remaining 0.900186
full 2025-09-01 s3_f2_w28_remaining 0.899531
full 2025-09-01 s3_f3_w28_remaining 0.899259
full 2025-09-01 s7_f1_w28_remaining 0.902198
full 2025-09-01 s7_f4_w28_remaining 0.896618
full 2025-09-01 s7_f7_w28_remaining 0.903397
full 2025-09-01 s14_f1_w28_remaining 0.90336
full 2025-09-01 s14_f7_w28_remaining 0.904125
full 2025-09-01 s14_f14_w28_remaining 0.904383
full 2025-09-01 s28_f1_w28_remaining 0.904576
full 2025-09-01 s28_f14_w28_remaining 0.904521
full 2025-09-01 s28_f28_w28_remaining 0.905368
full 2025-09-01 s1_f1_w14_remaining 0.895287
full 2025-09-01 s7_f7_w14_remaining 0.899874
full 2025-09-01 s1_f1_w56_remaining 0.901511
full 2025-09-01 s7_f7_w56_remaining 0.904179
full 2025-09-01 s1_f1_w28_block 0.900421
full 2025-09-01 s3_f3_w28_block 0.898903
full 2025-09-01 s7_f7_w28_block 0.901988
full 2025-09-01 s14_f14_w28_block 0.902947
full 2025-09-01 s28_f28_w28_block 0.904136
full 2025-09-01 synchronized_mean_anchor0 0.902929
full 2025-09-01 synchronized_median_anchor0 0.90263
full 2025-09-01 synchronized_mean_anchor50 0.905059
DONE full 2025-09-01 209.1 seconds
