/Users/khan/tram-forecast-20260926/hourly_consistency.py:220: UserWarning: Converting a tensor with requires_grad=True to a scalar may lead to unexpected behavior.
Consider using tensor.detach() first. (Triggered internally at /Users/runner/work/pytorch/pytorch/torch/csrc/autograd/generated/python_variable_methods.cpp:821.)
  return {'serial_vs_parallel_max_difference': float((parallel-sequential).abs().max().cpu()),
/Users/khan/tram-forecast-20260926/unrolled_weekly.py:42: PerformanceWarning: DataFrame is highly fragmented.  This is usually the result of calling `frame.insert` many times, which has poor performance.  Consider joining all columns at once using pd.concat(axis=1) instead. To get a de-fragmented frame, use `newframe = frame.copy()`
  d['season_2324']=d.month.map(index)
FIT 181 [1] 1 0.030962 0.3 seconds
FIT 181 [1] 60 0.027285 4.1 seconds
SCORES 2025-07-01 h1 {'profile_primary': 0.811731, 'v8_primary': 0.813722, 'v13_primary': 0.851157, 'previous_v13': 0.852798}
FIT 181 [24] 1 0.030962 0.1 seconds
FIT 181 [24] 60 0.027345 3.2 seconds
SCORES 2025-07-01 h24 {'profile_primary': 0.811941, 'v8_primary': 0.813962, 'v13_primary': 0.851716, 'previous_v13': 0.852798}
FIT 181 [1, 3, 6, 12, 24] 1 0.030962 0.1 seconds
FIT 181 [1, 3, 6, 12, 24] 60 0.027321 3.8 seconds
SCORES 2025-07-01 mixed {'profile_primary': 0.812083, 'v8_primary': 0.813967, 'v13_primary': 0.85063, 'previous_v13': 0.852798}
FIT 212 [1] 1 0.034465 0.1 seconds
FIT 212 [1] 60 0.030233 5.5 seconds
SCORES 2025-08-01 h1 {'profile_primary': 0.872998, 'v8_primary': 0.878413, 'v13_primary': 0.83722, 'previous_v13': 0.847983}
FIT 212 [24] 1 0.034466 0.1 seconds
FIT 212 [24] 60 0.030253 4.9 seconds
SCORES 2025-08-01 h24 {'profile_primary': 0.872909, 'v8_primary': 0.87829, 'v13_primary': 0.837101, 'previous_v13': 0.847983}
FIT 212 [1, 3, 6, 12, 24] 1 0.034465 0.1 seconds
FIT 212 [1, 3, 6, 12, 24] 60 0.030268 4.5 seconds
SCORES 2025-08-01 mixed {'profile_primary': 0.873108, 'v8_primary': 0.878481, 'v13_primary': 0.837316, 'previous_v13': 0.847983}
FIT 243 [1] 1 0.038632 0.2 seconds
FIT 243 [1] 60 0.034153 6.4 seconds
SCORES 2025-09-01 h1 {'profile_primary': 0.907013, 'v8_primary': 0.907193, 'v13_primary': 0.903753, 'previous_v13': 0.902377}
FIT 243 [24] 1 0.038632 0.1 seconds
FIT 243 [24] 60 0.034121 5.8 seconds
SCORES 2025-09-01 h24 {'profile_primary': 0.906919, 'v8_primary': 0.907149, 'v13_primary': 0.903727, 'previous_v13': 0.902377}
FIT 243 [1, 3, 6, 12, 24] 1 0.038632 0.1 seconds
FIT 243 [1, 3, 6, 12, 24] 60 0.034153 5.9 seconds
SCORES 2025-09-01 mixed {'profile_primary': 0.907065, 'v8_primary': 0.907189, 'v13_primary': 0.90376, 'previous_v13': 0.902377}
FIT 273 [1] 1 0.036647 0.1 seconds
FIT 273 [1] 60 0.031814 7.7 seconds
SCORES 2025-10-01 h1 {'profile_primary': 0.903496, 'v8_primary': 0.908183, 'v13_primary': 0.906369, 'previous_v13': 0.912726}
FIT 273 [24] 1 0.036646 0.1 seconds
FIT 273 [24] 60 0.031799 6.9 seconds
SCORES 2025-10-01 h24 {'profile_primary': 0.903407, 'v8_primary': 0.908154, 'v13_primary': 0.906399, 'previous_v13': 0.912726}
FIT 273 [1, 3, 6, 12, 24] 1 0.036647 0.1 seconds
FIT 273 [1, 3, 6, 12, 24] 60 0.031851 7.5 seconds
SCORES 2025-10-01 mixed {'profile_primary': 0.903525, 'v8_primary': 0.908113, 'v13_primary': 0.906252, 'previous_v13': 0.912726}
DONE HOURLY
