/Users/khan/tram-forecast-20260926/hourly_consistency.py:220: UserWarning: Converting a tensor with requires_grad=True to a scalar may lead to unexpected behavior.
Consider using tensor.detach() first. (Triggered internally at /Users/runner/work/pytorch/pytorch/torch/csrc/autograd/generated/python_variable_methods.cpp:821.)
  return {'serial_vs_parallel_max_difference': float((parallel-sequential).abs().max().cpu()),
/Users/khan/tram-forecast-20260926/unrolled_weekly.py:42: PerformanceWarning: DataFrame is highly fragmented.  This is usually the result of calling `frame.insert` many times, which has poor performance.  Consider joining all columns at once using pd.concat(axis=1) instead. To get a de-fragmented frame, use `newframe = frame.copy()`
  d['season_2324']=d.month.map(index)
FIT 181 [1] 1 0.031017 0.3 seconds
FIT 181 [1] 60 0.027443 3.0 seconds
SCORES 2025-07-01 h1 {'profile_primary': 0.807624, 'v8_primary': 0.810728, 'v13_primary': 0.846385, 'previous_v13': 0.852798}
FIT 181 [24] 1 0.031018 0.1 seconds
FIT 181 [24] 60 0.027473 2.5 seconds
SCORES 2025-07-01 h24 {'profile_primary': 0.807687, 'v8_primary': 0.810757, 'v13_primary': 0.846194, 'previous_v13': 0.852798}
FIT 181 [1, 3, 6, 12, 24] 1 0.031018 0.1 seconds
FIT 181 [1, 3, 6, 12, 24] 60 0.027478 2.7 seconds
SCORES 2025-07-01 mixed {'profile_primary': 0.807072, 'v8_primary': 0.81028, 'v13_primary': 0.844983, 'previous_v13': 0.852798}
FIT 212 [1] 1 0.034199 0.1 seconds
FIT 212 [1] 60 0.029898 4.3 seconds
SCORES 2025-08-01 h1 {'profile_primary': 0.872129, 'v8_primary': 0.877009, 'v13_primary': 0.834401, 'previous_v13': 0.847983}
FIT 212 [24] 1 0.034201 0.1 seconds
FIT 212 [24] 60 0.029855 3.7 seconds
SCORES 2025-08-01 h24 {'profile_primary': 0.872168, 'v8_primary': 0.877022, 'v13_primary': 0.83493, 'previous_v13': 0.847983}
FIT 212 [1, 3, 6, 12, 24] 1 0.0342 0.1 seconds
FIT 212 [1, 3, 6, 12, 24] 60 0.029855 3.9 seconds
SCORES 2025-08-01 mixed {'profile_primary': 0.872555, 'v8_primary': 0.877448, 'v13_primary': 0.834943, 'previous_v13': 0.847983}
FIT 243 [1] 1 0.038514 0.2 seconds
FIT 243 [1] 60 0.033745 4.8 seconds
SCORES 2025-09-01 h1 {'profile_primary': 0.90713, 'v8_primary': 0.906451, 'v13_primary': 0.902914, 'previous_v13': 0.902377}
FIT 243 [24] 1 0.038514 0.1 seconds
FIT 243 [24] 60 0.033756 4.4 seconds
SCORES 2025-09-01 h24 {'profile_primary': 0.907049, 'v8_primary': 0.906317, 'v13_primary': 0.902755, 'previous_v13': 0.902377}
FIT 243 [1, 3, 6, 12, 24] 1 0.038514 0.1 seconds
FIT 243 [1, 3, 6, 12, 24] 60 0.033743 4.7 seconds
SCORES 2025-09-01 mixed {'profile_primary': 0.906899, 'v8_primary': 0.906292, 'v13_primary': 0.90274, 'previous_v13': 0.902377}
FIT 273 [1] 1 0.037078 0.2 seconds
FIT 273 [1] 60 0.032103 6.3 seconds
SCORES 2025-10-01 h1 {'profile_primary': 0.903684, 'v8_primary': 0.908047, 'v13_primary': 0.906534, 'previous_v13': 0.912726}
FIT 273 [24] 1 0.037078 0.1 seconds
FIT 273 [24] 60 0.032129 5.5 seconds
SCORES 2025-10-01 h24 {'profile_primary': 0.903952, 'v8_primary': 0.90818, 'v13_primary': 0.906635, 'previous_v13': 0.912726}
FIT 273 [1, 3, 6, 12, 24] 1 0.037078 0.1 seconds
FIT 273 [1, 3, 6, 12, 24] 60 0.032123 5.6 seconds
SCORES 2025-10-01 mixed {'profile_primary': 0.903433, 'v8_primary': 0.907725, 'v13_primary': 0.90618, 'previous_v13': 0.912726}
DONE HOURLY
