SELECTED NETWORKS {
  "v14_hourly": {
    "config": "h24",
    "path": "v8_primary",
    "selection_mean": 0.826046633750303
  },
  "v14_shape": {
    "config": "mixed",
    "path": "v8_primary",
    "selection_mean": 0.8462237587097805
  }
}
SELECTED COMBINATION {"anchor": "v8", "family": "v14_hourly", "hourly_weight": 0.25, "mean": 0.861296075602249}
origin        2025-07-01  2025-08-01  2025-09-01  2025-10-01
model
selected        0.838617    0.883975    0.905443    0.913560
v13             0.852798    0.847983    0.902377    0.912726
v14_hourly      0.828359    0.823735    0.896224    0.906975
v14_shape       0.813967    0.878481    0.907189    0.908113
v8              0.812593    0.888256    0.905714    0.912164
v8_v13_equal    0.841584    0.878269    0.904857    0.913064
