/Users/khan/tram-forecast-20260926/hourly_consistency.py:220: UserWarning: Converting a tensor with requires_grad=True to a scalar may lead to unexpected behavior.
Consider using tensor.detach() first. (Triggered internally at /Users/runner/work/pytorch/pytorch/torch/csrc/autograd/generated/python_variable_methods.cpp:821.)
  return {'serial_vs_parallel_max_difference': float((parallel-sequential).abs().max().cpu()),
/Users/khan/tram-forecast-20260926/unrolled_weekly.py:42: PerformanceWarning: DataFrame is highly fragmented.  This is usually the result of calling `frame.insert` many times, which has poor performance.  Consider joining all columns at once using pd.concat(axis=1) instead. To get a de-fragmented frame, use `newframe = frame.copy()`
  d['season_2324']=d.month.map(index)
FIT 181 [1] 1 0.032455 1.3 seconds
FIT 181 [1] 60 0.025384 4.3 seconds
SCORES 2025-07-01 h1 {'profile_primary': 0.8253, 'v8_primary': 0.831925, 'v13_primary': 0.832578, 'previous_v13': 0.852798}
FIT 181 [24] 1 0.032458 0.1 seconds
FIT 181 [24] 60 0.025438 2.3 seconds
SCORES 2025-07-01 h24 {'profile_primary': 0.824189, 'v8_primary': 0.831063, 'v13_primary': 0.831449, 'previous_v13': 0.852798}
FIT 212 [1] 1 0.03569 0.1 seconds
FIT 212 [1] 60 0.025638 3.8 seconds
SCORES 2025-08-01 h1 {'profile_primary': 0.826646, 'v8_primary': 0.831129, 'v13_primary': 0.759189, 'previous_v13': 0.847983}
FIT 212 [24] 1 0.035691 0.1 seconds
FIT 212 [24] 60 0.025636 3.5 seconds
SCORES 2025-08-01 h24 {'profile_primary': 0.826861, 'v8_primary': 0.83132, 'v13_primary': 0.75943, 'previous_v13': 0.847983}
FIT 243 [1] 1 0.038607 0.3 seconds
FIT 243 [1] 60 0.027559 4.3 seconds
SCORES 2025-09-01 h1 {'profile_primary': 0.89533, 'v8_primary': 0.896518, 'v13_primary': 0.891185, 'previous_v13': 0.902377}
FIT 243 [24] 1 0.038606 0.1 seconds
FIT 243 [24] 60 0.027419 4.5 seconds
SCORES 2025-09-01 h24 {'profile_primary': 0.89595, 'v8_primary': 0.896833, 'v13_primary': 0.891695, 'previous_v13': 0.902377}
FIT 273 [1] 1 0.037425 0.1 seconds
FIT 273 [1] 60 0.026273 5.5 seconds
SCORES 2025-10-01 h1 {'profile_primary': 0.905263, 'v8_primary': 0.906116, 'v13_primary': 0.899315, 'previous_v13': 0.912726}
FIT 273 [24] 1 0.037428 0.1 seconds
FIT 273 [24] 60 0.026253 5.2 seconds
SCORES 2025-10-01 h24 {'profile_primary': 0.905129, 'v8_primary': 0.905693, 'v13_primary': 0.898434, 'previous_v13': 0.912726}
FIT 304 [1] 1 0.035277 0.1 seconds
FIT 304 [1] 60 0.025138 6.4 seconds
FUTURE h1 complete
FIT 304 [24] 1 0.035275 0.1 seconds
FIT 304 [24] 60 0.025109 6.1 seconds
FUTURE h24 complete
DONE HOURLY
