FOLD 2025-07-01 [{"origin": "2025-07-01", "days": 61, "model": "trolley_recent_monthly_p0.5", "score": 0.8488130059578107, "prediction_total": 10849529.0}, {"origin": "2025-07-01", "days": 61, "model": "moscow_tram_control_recent_monthly_p1.0", "score": 0.8440622709747128, "prediction_total": 11084372.0}, {"origin": "2025-07-01", "days": 61, "model": "tram_recent_monthly_p1.0", "score": 0.8413147942269353, "prediction_total": 10755370.0}, {"origin": "2025-07-01", "days": 61, "model": "moscow_tram_control_multiyear_monthly_p1.0", "score": 0.8400377088349233, "prediction_total": 11209051.0}]
FOLD 2025-08-01 [{"origin": "2025-08-01", "days": 61, "model": "trolley_recent_smooth_p0.25", "score": 0.8851235997263318, "prediction_total": 11792049.0}, {"origin": "2025-08-01", "days": 61, "model": "tram_recent_smooth_p0.5", "score": 0.8849252173500182, "prediction_total": 11784692.0}, {"origin": "2025-08-01", "days": 61, "model": "tram_recent_smooth_p0.25", "score": 0.8848227532454022, "prediction_total": 11832926.0}, {"origin": "2025-08-01", "days": 61, "model": "trolley_recent_smooth_p0.5", "score": 0.884519637542394, "prediction_total": 11698951.0}]
FOLD 2025-09-01 [{"origin": "2025-09-01", "days": 61, "model": "tram_recent_smooth_p1.0", "score": 0.9073283342536634, "prediction_total": 12831882.0}, {"origin": "2025-09-01", "days": 61, "model": "trolley_recent_smooth_p0.5", "score": 0.9050791639424607, "prediction_total": 13041431.0}, {"origin": "2025-09-01", "days": 61, "model": "tram_recent_smooth_p0.5", "score": 0.9046259114737794, "prediction_total": 13082118.0}, {"origin": "2025-09-01", "days": 61, "model": "trolley_recent_smooth_p0.25", "score": 0.9029854684012623, "prediction_total": 13191297.0}]
FOLD 2025-10-01 [{"origin": "2025-10-01", "days": 31, "model": "tram_recent_monthly_p0.25", "score": 0.9133828591719394, "prediction_total": 6613128.0}, {"origin": "2025-10-01", "days": 31, "model": "trolley_recent_monthly_p1.0", "score": 0.9129545117770559, "prediction_total": 6634826.0}, {"origin": "2025-10-01", "days": 31, "model": "trolley_recent_monthly_p0.25", "score": 0.9127509332448587, "prediction_total": 6690263.0}, {"origin": "2025-10-01", "days": 31, "model": "trolley_recent_monthly_p0.5", "score": 0.9126790374806998, "prediction_total": 6675570.0}]
DONE {
  "selected_including_control": "trolley_recent_monthly_p0.5",
  "best_foreign": "trolley_recent_monthly_p0.5",
  "ranking": {
    "trolley_recent_monthly_p0.5": 0.8752326772782496,
    "trolley_recent_smooth_p1.0": 0.8732032712986285,
    "trolley_recent_smooth_p0.5": 0.8699385839997298,
    "trolley_recent_monthly_p0.25": 0.8699085631614173,
    "tram_recent_monthly_p0.5": 0.8675228398996581,
    "trolley_recent_monthly_p1.0": 0.8671821472810087,
    "trolley_recent_smooth_p0.25": 0.8649857967070957,
    "tram_recent_smooth_p1.0": 0.8644812473899511,
    "tram_recent_monthly_p0.25": 0.8643065823716913,
    "tram_recent_monthly_p1.0": 0.8640252005027184,
    "moscow_road_combined_recent_monthly_p1.0": 0.8631242815723725,
    "moscow_road_combined_multiyear_monthly_p1.0": 0.8624229325321728,
    "tram_recent_smooth_p0.5": 0.8621697949483269,
    "moscow_road_combined_recent_monthly_p0.5": 0.8615710972195583,
    "moscow_tram_control_multiyear_smooth_p0.5": 0.8608670623092808,
    "moscow_tram_control_multiyear_monthly_p0.5": 0.860761590663257,
    "moscow_road_combined_multiyear_monthly_p0.5": 0.8605183407247486,
    "tram_recent_smooth_p0.25": 0.8603579452400677,
    "moscow_tram_control_multiyear_monthly_p0.25": 0.8602845736802349,
    "moscow_road_combined_recent_monthly_p0.25": 0.8601524866372627,
    "moscow_tram_control_multiyear_smooth_p0.25": 0.8600684979860467,
    "moscow_tram_control_recent_monthly_p0.25": 0.8597950166940983,
    "moscow_tram_control_multiyear_smooth_p1.0": 0.8596852303242993,
    "moscow_road_combined_multiyear_monthly_p0.25": 0.8594556564648436,
    "moscow_tram_control_recent_monthly_p0.5": 0.8592678379594844,
    "moscow_road_combined_multiyear_smooth_p0.5": 0.859210769839924,
    "moscow_road_combined_multiyear_smooth_p0.25": 0.8590159649158725,
    "moscow_road_combined_recent_smooth_p0.5": 0.8589807304039693,
    "moscow_tram_control_recent_smooth_p0.25": 0.8589756949382497,
    "moscow_road_combined_recent_smooth_p0.25": 0.858966706833833,
    "tram_multiyear_monthly_p0.25": 0.8589083162311358,
    "tram_multiyear_monthly_p0.5": 0.8588922785677173,
    "moscow_metro_multiyear_monthly_p0.25": 0.8585076215285529,
    "moscow_tram_control_multiyear_monthly_p1.0": 0.858468237044027,
    "moscow_metro_recent_monthly_p0.25": 0.8581685595441582,
    "moscow_tram_control_recent_smooth_p0.5": 0.858082933789916,
    "control_no_foreign": 0.8580757009801497,
    "moscow_road_combined_multiyear_smooth_p1.0": 0.8578722443250046,
    "moscow_metro_multiyear_smooth_p0.25": 0.8578041205234492,
    "moscow_metro_multiyear_monthly_p0.5": 0.8576940242745662,
    "tram_multiyear_monthly_p1.0": 0.857032275838256,
    "moscow_metro_recent_smooth_p0.25": 0.8570243002848753,
    "moscow_road_combined_recent_smooth_p1.0": 0.8569974803924737,
    "moscow_metro_multiyear_smooth_p0.5": 0.8568742278057796,
    "moscow_metro_recent_monthly_p0.5": 0.8563657106112661,
    "tram_multiyear_smooth_p0.25": 0.8563370003423653,
    "moscow_metro_recent_smooth_p0.5": 0.8547139689399424,
    "moscow_mcc_recent_monthly_p0.25": 0.8545776214469822,
    "tram_multiyear_smooth_p0.5": 0.8543339593080472,
    "moscow_tram_control_recent_monthly_p1.0": 0.8537981537262449,
    "moscow_metro_multiyear_monthly_p1.0": 0.8534758619978969,
    "moscow_mcc_recent_smooth_p0.25": 0.8534577873504361,
    "moscow_metro_multiyear_smooth_p1.0": 0.8532586492800714,
    "moscow_mcc_multiyear_monthly_p0.25": 0.8523107516495552,
    "moscow_tram_control_recent_smooth_p1.0": 0.8521138021030153,
    "moscow_mcc_multiyear_smooth_p0.25": 0.8518072187337354,
    "tram_multiyear_smooth_p1.0": 0.8494632078501198,
    "moscow_metro_recent_monthly_p1.0": 0.8490815508513433,
    "moscow_mcc_recent_monthly_p0.5": 0.8487180122682033,
    "moscow_metro_recent_smooth_p1.0": 0.8471694913606317,
    "moscow_mcc_recent_smooth_p0.5": 0.846655851001786,
    "moscow_mcc_multiyear_monthly_p0.5": 0.8430752387747975,
    "moscow_mcc_multiyear_smooth_p0.5": 0.8422696264341125,
    "moscow_mcc_recent_monthly_p1.0": 0.8329914472522816,
    "moscow_mcc_recent_smooth_p1.0": 0.828547527946502,
    "moscow_mcc_multiyear_monthly_p1.0": 0.8186695608432212,
    "moscow_mcc_multiyear_smooth_p1.0": 0.8160115409222679
  },
  "artifacts": [
    {
      "file": "outputs/foreign_season_transfer_20260927/submission_external_transport.csv",
      "model": "trolley_recent_monthly_p0.5",
      "sha256": "53f4227f7c01577494ff4243e2b1c868eb20fe6143b8b75933eb17725adcdd70",
      "prediction_total": 12666853,
      "public_score": null,
      "experimental": true
    }
  ]
}
